TAP version 13
# Subtest: file download unauthenticated access does not query storage or scan
ok 1 - file download unauthenticated access does not query storage or scan
  ---
  duration_ms: 45.400281
  type: 'test'
  ...
# Subtest: file download rejects another student before triggering scan
ok 2 - file download rejects another student before triggering scan
  ---
  duration_ms: 22.884337
  type: 'test'
  ...
# Subtest: file download validates integer identifiers without flooring
ok 3 - file download validates integer identifiers without flooring
  ---
  duration_ms: 8.657668
  type: 'test'
  ...
# Subtest: file download clean owner response streams bytes from recorded storage provider
ok 4 - file download clean owner response streams bytes from recorded storage provider
  ---
  duration_ms: 6.881211
  type: 'test'
  ...
# Subtest: file download authorized admin can access student attachment
ok 5 - file download authorized admin can access student attachment
  ---
  duration_ms: 16.69158
  type: 'test'
  ...
# Subtest: file download pending state returns actionable JSON and Retry-After without file bytes
ok 6 - file download pending state returns actionable JSON and Retry-After without file bytes
  ---
  duration_ms: 8.041542
  type: 'test'
  ...
# Subtest: file download quarantined state cannot retrieve underlying object
ok 7 - file download quarantined state cannot retrieve underlying object
  ---
  duration_ms: 5.217624
  type: 'test'
  ...
# Subtest: file download rate limit prevents scanner and storage work
ok 8 - file download rate limit prevents scanner and storage work
  ---
  duration_ms: 5.16904
  type: 'test'
  ...
# Subtest: file download missing stored file is explicitly not found
ok 9 - file download missing stored file is explicitly not found
  ---
  duration_ms: 11.081677
  type: 'test'
  ...
# Subtest: ZIP admin endpoint rejects student accounts before storage
ok 10 - ZIP admin endpoint rejects student accounts before storage
  ---
  duration_ms: 8.787733
  type: 'test'
  ...
# Subtest: ZIP endpoint creates real ZIP bytes for a complete clean request
ok 11 - ZIP endpoint creates real ZIP bytes for a complete clean request
  ---
  duration_ms: 12.649371
  type: 'test'
  ...
# Subtest: ZIP missing attachment never returns a silently incomplete successful archive
ok 12 - ZIP missing attachment never returns a silently incomplete successful archive
  ---
  duration_ms: 11.097882
  type: 'test'
  ...
# Subtest: ZIP caps synchronous scan attempts at two and blocks remaining pending files
ok 13 - ZIP caps synchronous scan attempts at two and blocks remaining pending files
  ---
  duration_ms: 7.041071
  type: 'test'
  ...
# Subtest: ZIP changed attachment set during scan returns conflict before reading bytes
ok 14 - ZIP changed attachment set during scan returns conflict before reading bytes
  ---
  duration_ms: 5.823113
  type: 'test'
  ...
# Subtest: ZIP metadata limit prevents work on oversized archives
ok 15 - ZIP metadata limit prevents work on oversized archives
  ---
  duration_ms: 9.202466
  type: 'test'
  ...
# Subtest: ZIP actual byte-limit failure cannot become a successful partial archive
ok 16 - ZIP actual byte-limit failure cannot become a successful partial archive
  ---
  duration_ms: 17.314254
  type: 'test'
  ...
# Subtest: mobile download displays server pending reason and retry metadata; removes error file
ok 17 - mobile download displays server pending reason and retry metadata; removes error file
  ---
  duration_ms: 70.350771
  type: 'test'
  ...
# Subtest: mobile download missing or quarantined response is not reported as saved
ok 18 - mobile download missing or quarantined response is not reported as saved
  ---
  duration_ms: 28.9144
  type: 'test'
  ...
# Subtest: mobile download never reads a large HTML/error response into JavaScript memory
ok 19 - mobile download never reads a large HTML/error response into JavaScript memory
  ---
  duration_ms: 54.027143
  type: 'test'
  ...
# Subtest: mobile malformed error response preserves accurate HTTP error
ok 20 - mobile malformed error response preserves accurate HTTP error
  ---
  duration_ms: 43.549392
  type: 'test'
  ...
# Subtest: mobile successful download carries identity and authentication headers
ok 21 - mobile successful download carries identity and authentication headers
  ---
  duration_ms: 21.378896
  type: 'test'
  ...
# Subtest: mobile concurrent same-name downloads have unique destinations
ok 22 - mobile concurrent same-name downloads have unique destinations
  ---
  duration_ms: 12.30195
  type: 'test'
  ...
# Subtest: mobile filename cannot escape its private download directory
ok 23 - mobile filename cannot escape its private download directory
  ---
  duration_ms: 12.836252
  type: 'test'
  ...
# Subtest: mobile untrusted URL is rejected before credentials or filesystem operations
ok 24 - mobile untrusted URL is rejected before credentials or filesystem operations
  ---
  duration_ms: 21.6142
  type: 'test'
  ...
# Subtest: mobile network failure cleans its incomplete download folder
ok 25 - mobile network failure cleans its incomplete download folder
  ---
  duration_ms: 23.343287
  type: 'test'
  ...
# Subtest: Android directory permission cancellation does not download or falsely report success
ok 26 - Android directory permission cancellation does not download or falsely report success
  ---
  duration_ms: 11.309249
  type: 'test'
  ...
# Subtest: Android successful SAF copy returns the actual destination
ok 27 - Android successful SAF copy returns the actual destination
  ---
  duration_ms: 13.224404
  type: 'test'
  ...
# Subtest: mobile support uses protected helper, gates previews, and does not keep old unchecked downloader
ok 28 - mobile support uses protected helper, gates previews, and does not keep old unchecked downloader
  ---
  duration_ms: 0.914984
  type: 'test'
  ...
# Subtest: queue clean is terminal: ordinary access never rescans
ok 29 - queue clean is terminal: ordinary access never rescans
  ---
  duration_ms: 1.390298
  type: 'test'
  ...
# Subtest: queue quarantined is terminal: ordinary access never rescans
ok 30 - queue quarantined is terminal: ordinary access never rescans
  ---
  duration_ms: 0.184457
  type: 'test'
  ...
# Subtest: queue completes scan and persists actual provider, timestamp and attempt count
ok 31 - queue completes scan and persists actual provider, timestamp and attempt count
  ---
  duration_ms: 0.768855
  type: 'test'
  ...
# Subtest: queue atomic lease prevents duplicate scans for concurrent access
ok 32 - queue atomic lease prevents duplicate scans for concurrent access
  ---
  duration_ms: 12.186526
  type: 'test'
  ...
# Subtest: queue respects backoff; scan errors are sanitized and do not release file
ok 33 - queue respects backoff; scan errors are sanitized and do not release file
  ---
  duration_ms: 0.714593
  type: 'test'
  ...
# Subtest: queue expired lease can be recovered; current lease cannot
ok 34 - queue expired lease can be recovered; current lease cannot
  ---
  duration_ms: 0.237857
  type: 'test'
  ...
# Subtest: queue stale positive verdict cannot overwrite an intervening quarantine
ok 35 - queue stale positive verdict cannot overwrite an intervening quarantine
  ---
  duration_ms: 0.485739
  type: 'test'
  ...
# Subtest: queue stale positive verdict cannot release a replaced object
ok 36 - queue stale positive verdict cannot release a replaced object
  ---
  duration_ms: 0.305018
  type: 'test'
  ...
# Subtest: queue deletion during scan returns missing rather than an uncommitted clean verdict
ok 37 - queue deletion during scan returns missing rather than an uncommitted clean verdict
  ---
  duration_ms: 0.529615
  type: 'test'
  ...
# Subtest: queue invalid kinds and identifiers never reach SQL
ok 38 - queue invalid kinds and identifiers never reach SQL
  ---
  duration_ms: 0.837938
  type: 'test'
  ...
# Subtest: queue includes all four categories fairly and uses at most two concurrent scans
ok 39 - queue includes all four categories fairly and uses at most two concurrent scans
  ---
  duration_ms: 9.635626
  type: 'test'
  ...
# Subtest: queue AI status and resource visibility track security outcome
ok 40 - queue AI status and resource visibility track security outcome
  ---
  duration_ms: 0.375363
  type: 'test'
  ...
# Subtest: queue clean resource is not automatically published to students
ok 41 - queue clean resource is not automatically published to students
  ---
  duration_ms: 0.205028
  type: 'test'
  ...
# Subtest: queue manual wake changes only pending unleased records
ok 42 - queue manual wake changes only pending unleased records
  ---
  duration_ms: 0.240822
  type: 'test'
  ...
# Subtest: queue retry delay is bounded and grows after repeated failures
ok 43 - queue retry delay is bounded and grows after repeated failures
  ---
  duration_ms: 0.117035
  type: 'test'
  ...
# Subtest: blocked file response FILE_SCAN_PENDING
ok 44 - blocked file response FILE_SCAN_PENDING
  ---
  duration_ms: 17.23792
  type: 'test'
  ...
# Subtest: blocked file response FILE_STORAGE_MISSING
ok 45 - blocked file response FILE_STORAGE_MISSING
  ---
  duration_ms: 0.29991
  type: 'test'
  ...
# Subtest: blocked file response FILE_QUARANTINED
ok 46 - blocked file response FILE_QUARANTINED
  ---
  duration_ms: 0.355865
  type: 'test'
  ...
# Subtest: clean blocked-response returns null and missing returns 404
ok 47 - clean blocked-response returns null and missing returns 404
  ---
  duration_ms: 0.197837
  type: 'test'
  ...
# Subtest: scheduler tick does not overlap a running batch and records completed heartbeat
ok 48 - scheduler tick does not overlap a running batch and records completed heartbeat
  ---
  duration_ms: 49.507508
  type: 'test'
  ...
# Subtest: scheduler failure releases local running flag and logs sanitized code
ok 49 - scheduler failure releases local running flag and logs sanitized code
  ---
  duration_ms: 11.946977
  type: 'test'
  ...
# Subtest: migration journal extends 0029 with 0030 without modifying previous chain identity
ok 50 - migration journal extends 0029 with 0030 without modifying previous chain identity
  ---
  duration_ms: 5.264795
  type: 'test'
  ...
# Subtest: migration, Drizzle schema and snapshot all include four durable queues
ok 51 - migration, Drizzle schema and snapshot all include four durable queues
  ---
  duration_ms: 12.389781
  type: 'test'
  ...
# Subtest: deployment includes private scanner, supervised automatic worker and no unsafe bypass
ok 52 - deployment includes private scanner, supervised automatic worker and no unsafe bypass
  ---
  duration_ms: 1.088264
  type: 'test'
  ...
# Subtest: scanner reads actual private stored bytes and honors explicit provider despite default changes
ok 53 - scanner reads actual private stored bytes and honors explicit provider despite default changes
  ---
  duration_ms: 43.996013
  type: 'test'
  ...
# Subtest: missing actual stored object remains pending with repairable error
ok 54 - missing actual stored object remains pending with repairable error
  ---
  duration_ms: 16.007192
  type: 'test'
  ...
# Subtest: scanner unavailable in development still refuses a clean timestamp
ok 55 - scanner unavailable in development still refuses a clean timestamp
  ---
  duration_ms: 11.234627
  type: 'test'
  ...
# Subtest: scanner provider exceptions never persist private endpoint details
ok 56 - scanner provider exceptions never persist private endpoint details
  ---
  duration_ms: 10.110349
  type: 'test'
  ...
# Subtest: scanner concurrency cap rejects extra work before fetching another private object
ok 57 - scanner concurrency cap rejects extra work before fetching another private object
  ---
  duration_ms: 15.552119
  type: 'test'
  ...
# Subtest: scanner oversized metadata cancels stream without invoking transport
ok 58 - scanner oversized metadata cancels stream without invoking transport
  ---
  duration_ms: 10.535187
  type: 'test'
  ...
# Subtest: scanner configuration never declares development uploads clean without an engine
ok 59 - scanner configuration never declares development uploads clean without an engine
  ---
  duration_ms: 2.059182
  type: 'test'
  ...
# Subtest: remote verdict: explicit clean
ok 60 - remote verdict: explicit clean
  ---
  duration_ms: 0.154372
  type: 'test'
  ...
# Subtest: remote verdict: status clean
ok 61 - remote verdict: status clean
  ---
  duration_ms: 0.094302
  type: 'test'
  ...
# Subtest: remote verdict: negative
ok 62 - remote verdict: negative
  ---
  duration_ms: 0.065408
  type: 'test'
  ...
# Subtest: remote verdict: conflicting infected
ok 63 - remote verdict: conflicting infected
  ---
  duration_ms: 0.090486
  type: 'test'
  ...
# Subtest: remote verdict: conflicting threat
ok 64 - remote verdict: conflicting threat
  ---
  duration_ms: 0.069875
  type: 'test'
  ...
# Subtest: remote verdict: false beats status
ok 65 - remote verdict: false beats status
  ---
  duration_ms: 0.054512
  type: 'test'
  ...
# Subtest: remote verdict: error beats clean
ok 66 - remote verdict: error beats clean
  ---
  duration_ms: 0.074973
  type: 'test'
  ...
# Subtest: remote verdict: unknown status
ok 67 - remote verdict: unknown status
  ---
  duration_ms: 0.201763
  type: 'test'
  ...
# Subtest: remote verdict: string boolean
ok 68 - remote verdict: string boolean
  ---
  duration_ms: 0.257978
  type: 'test'
  ...
# Subtest: remote verdict: empty
ok 69 - remote verdict: empty
  ---
  duration_ms: 0.120982
  type: 'test'
  ...
# Subtest: remote verdict: null
ok 70 - remote verdict: null
  ---
  duration_ms: 0.051618
  type: 'test'
  ...
# Subtest: remote verdict: array
ok 71 - remote verdict: array
  ---
  duration_ms: 0.042404
  type: 'test'
  ...
# Subtest: remote engine labels remove control characters and are length-limited
ok 72 - remote engine labels remove control characters and are length-limited
  ---
  duration_ms: 0.248143
  type: 'test'
  ...
# Subtest: actual bounded stream joins bytes without decoding
ok 73 - actual bounded stream joins bytes without decoding
  ---
  duration_ms: 2.482467
  type: 'test'
  ...
# Subtest: actual bounded stream cancels on overflow
ok 74 - actual bounded stream cancels on overflow
  ---
  duration_ms: 0.545289
  type: 'test'
  ...
# Subtest: actual bounded stream cancels stalled reads after abort
ok 75 - actual bounded stream cancels stalled reads after abort
  ---
  duration_ms: 0.245599
  type: 'test'
  ...
# Subtest: remote HTTP sends actual file bytes, trusted token and encoded name
ok 76 - remote HTTP sends actual file bytes, trusted token and encoded name
  ---
  duration_ms: 33.561757
  type: 'test'
  ...
# Subtest: remote HTTP 401 stays pending
ok 77 - remote HTTP 401 stays pending
  ---
  duration_ms: 11.259814
  type: 'test'
  ...
# Subtest: remote HTTP 429 stays pending
ok 78 - remote HTTP 429 stays pending
  ---
  duration_ms: 3.443821
  type: 'test'
  ...
# Subtest: remote HTTP 503 stays pending
ok 79 - remote HTTP 503 stays pending
  ---
  duration_ms: 9.130948
  type: 'test'
  ...
# Subtest: remote HTTP redirects cannot forward document or credentials
ok 80 - remote HTTP redirects cannot forward document or credentials
  ---
  duration_ms: 4.728799
  type: 'test'
  ...
# Subtest: remote empty content never reaches engine
ok 81 - remote empty content never reaches engine
  ---
  duration_ms: 0.257337
  type: 'test'
  ...
# Subtest: remote invalid JSON stays pending
ok 82 - remote invalid JSON stays pending
  ---
  duration_ms: 3.458503
  type: 'test'
  ...
# Subtest: remote oversized verdict is rejected
ok 83 - remote oversized verdict is rejected
  ---
  duration_ms: 2.641466
  type: 'test'
  ...
# Subtest: clamd exact verdict "stream: OK\\u0000"
ok 84 - clamd exact verdict "stream: OK\\u0000"
  ---
  duration_ms: 0.321963
  type: 'test'
  ...
# Subtest: clamd exact verdict "stream: Fixture-Threat FOUND\\u0000"
ok 85 - clamd exact verdict "stream: Fixture-Threat FOUND\\u0000"
  ---
  duration_ms: 0.123806
  type: 'test'
  ...
# Subtest: clamd exact verdict "INSTREAM size limit exceeded. ERROR\\u0000"
ok 86 - clamd exact verdict "INSTREAM size limit exceeded. ERROR\\u0000"
  ---
  duration_ms: 0.076766
  type: 'test'
  ...
# Subtest: clamd exact verdict "OK\\u0000"
ok 87 - clamd exact verdict "OK\\u0000"
  ---
  duration_ms: 0.065128
  type: 'test'
  ...
# Subtest: clamd exact verdict "stream: OK\\u0000unexpected"
ok 88 - clamd exact verdict "stream: OK\\u0000unexpected"
  ---
  duration_ms: 0.034883
  type: 'test'
  ...
# Subtest: actual clamd TCP framing transmits all bytes including multiple 64KiB chunks
ok 89 - actual clamd TCP framing transmits all bytes including multiple 64KiB chunks
  ---
  duration_ms: 6.119707
  type: 'test'
  ...
# Subtest: actual clamd TCP infected response quarantines the submitted object
ok 90 - actual clamd TCP infected response quarantines the submitted object
  ---
  duration_ms: 1.670438
  type: 'test'
  ...
# Subtest: clamd TCP premature success cannot release an incomplete stream
ok 91 - clamd TCP premature success cannot release an incomplete stream
  ---
  duration_ms: 2.062476
  type: 'test'
  ...
# Subtest: clamd TCP truncated connection remains pending
ok 92 - clamd TCP truncated connection remains pending
  ---
  duration_ms: 3.555108
  type: 'test'
  ...
# Subtest: clamd TCP aborted connection cannot become clean
ok 93 - clamd TCP aborted connection cannot become clean
  ---
  duration_ms: 41.713546
  type: 'test'
  ...
# Subtest: clamd readiness probe performs actual PING/PONG exchange
ok 94 - clamd readiness probe performs actual PING/PONG exchange
  ---
  duration_ms: 3.124141
  type: 'test'
  ...
# Subtest: explicit external scanner host overrides the Docker default local socket
ok 95 - explicit external scanner host overrides the Docker default local socket
  ---
  duration_ms: 0.308774
  type: 'test'
  ...
# Subtest: enabled local scanner resolves the same default socket as the startup script
ok 96 - enabled local scanner resolves the same default socket as the startup script
  ---
  duration_ms: 0.157566
  type: 'test'
  ...
1..96
# tests 96
# suites 0
# pass 96
# fail 0
# cancelled 0
# skipped 0
# todo 0
# duration_ms 1373.260528
