TAP version 13
# node:internal/modules/run_main:123
#     triggerUncaughtException(
#     ^
# Error: Cannot find package '/mnt/data/work/maras-main/node_modules/typescript/index.js' imported from /mnt/data/work/maras-main/tests/helpers/isolated-source.mjs
# Did you mean to import "typescript/lib/typescript.js"?
#     at legacyMainResolve (node:internal/modules/esm/resolve:204:26)
#     at packageResolve (node:internal/modules/esm/resolve:778:12)
#     at moduleResolve (node:internal/modules/esm/resolve:854:18)
#     at defaultResolve (node:internal/modules/esm/resolve:984:11)
#     at ModuleLoader.defaultResolve (node:internal/modules/esm/loader:780:12)
#     at \#cachedDefaultResolve (node:internal/modules/esm/loader:704:25)
#     at ModuleLoader.resolve (node:internal/modules/esm/loader:687:38)
#     at ModuleLoader.getModuleJobForImport (node:internal/modules/esm/loader:305:38)
#     at ModuleJob._link (node:internal/modules/esm/module_job:137:49) {
#   code: 'ERR_MODULE_NOT_FOUND'
# }
# Node.js v22.16.0
# Subtest: tests/admin-completion-core.test.mjs
not ok 1 - tests/admin-completion-core.test.mjs
  ---
  duration_ms: 41.242761
  type: 'test'
  location: '/mnt/data/work/maras-main/tests/admin-completion-core.test.mjs:1:1'
  failureType: 'testCodeFailure'
  exitCode: 1
  signal: ~
  error: 'test failed'
  code: 'ERR_TEST_FAILURE'
  ...
# node:internal/modules/run_main:123
#     triggerUncaughtException(
#     ^
# Error: Cannot find package '/mnt/data/work/maras-main/node_modules/typescript/index.js' imported from /mnt/data/work/maras-main/tests/helpers/isolated-source.mjs
# Did you mean to import "typescript/lib/typescript.js"?
#     at legacyMainResolve (node:internal/modules/esm/resolve:204:26)
#     at packageResolve (node:internal/modules/esm/resolve:778:12)
#     at moduleResolve (node:internal/modules/esm/resolve:854:18)
#     at defaultResolve (node:internal/modules/esm/resolve:984:11)
#     at ModuleLoader.defaultResolve (node:internal/modules/esm/loader:780:12)
#     at \#cachedDefaultResolve (node:internal/modules/esm/loader:704:25)
#     at ModuleLoader.resolve (node:internal/modules/esm/loader:687:38)
#     at ModuleLoader.getModuleJobForImport (node:internal/modules/esm/loader:305:38)
#     at ModuleJob._link (node:internal/modules/esm/module_job:137:49) {
#   code: 'ERR_MODULE_NOT_FOUND'
# }
# Node.js v22.16.0
# Subtest: tests/admin-control-behavior.test.mjs
not ok 2 - tests/admin-control-behavior.test.mjs
  ---
  duration_ms: 42.340549
  type: 'test'
  location: '/mnt/data/work/maras-main/tests/admin-control-behavior.test.mjs:1:1'
  failureType: 'testCodeFailure'
  exitCode: 1
  signal: ~
  error: 'test failed'
  code: 'ERR_TEST_FAILURE'
  ...
# Subtest: admin deletion uses a fixed entity whitelist
ok 3 - admin deletion uses a fixed entity whitelist
  ---
  duration_ms: 1.520153
  type: 'test'
  ...
# Subtest: destructive deletion requires the exact Arabic confirmation
ok 4 - destructive deletion requires the exact Arabic confirmation
  ---
  duration_ms: 0.204958
  type: 'test'
  ...
# Subtest: financial and audit records are protected from deletion
ok 5 - financial and audit records are protected from deletion
  ---
  duration_ms: 0.193661
  type: 'test'
  ...
# Subtest: account safety and storage cleanup contracts are present
ok 6 - account safety and storage cleanup contracts are present
  ---
  duration_ms: 0.185499
  type: 'test'
  ...
# node:internal/modules/run_main:123
#     triggerUncaughtException(
#     ^
# Error: Cannot find package '/mnt/data/work/maras-main/node_modules/typescript/index.js' imported from /mnt/data/work/maras-main/tests/admin-gemini-settings.test.mjs
# Did you mean to import "typescript/lib/typescript.js"?
#     at legacyMainResolve (node:internal/modules/esm/resolve:204:26)
#     at packageResolve (node:internal/modules/esm/resolve:778:12)
#     at moduleResolve (node:internal/modules/esm/resolve:854:18)
#     at defaultResolve (node:internal/modules/esm/resolve:984:11)
#     at ModuleLoader.defaultResolve (node:internal/modules/esm/loader:780:12)
#     at \#cachedDefaultResolve (node:internal/modules/esm/loader:704:25)
#     at ModuleLoader.resolve (node:internal/modules/esm/loader:687:38)
#     at ModuleLoader.getModuleJobForImport (node:internal/modules/esm/loader:305:38)
#     at ModuleJob._link (node:internal/modules/esm/module_job:137:49) {
#   code: 'ERR_MODULE_NOT_FOUND'
# }
# Node.js v22.16.0
# Subtest: tests/admin-gemini-settings.test.mjs
not ok 4 - tests/admin-gemini-settings.test.mjs
  ---
  duration_ms: 38.837824
  type: 'test'
  location: '/mnt/data/work/maras-main/tests/admin-gemini-settings.test.mjs:1:1'
  failureType: 'testCodeFailure'
  exitCode: 1
  signal: ~
  error: 'test failed'
  code: 'ERR_TEST_FAILURE'
  ...
# node:internal/modules/run_main:123
#     triggerUncaughtException(
#     ^
# Error: Cannot find package '/mnt/data/work/maras-main/node_modules/typescript/index.js' imported from /mnt/data/work/maras-main/tests/admin-security-contract.test.mjs
# Did you mean to import "typescript/lib/typescript.js"?
#     at legacyMainResolve (node:internal/modules/esm/resolve:204:26)
#     at packageResolve (node:internal/modules/esm/resolve:778:12)
#     at moduleResolve (node:internal/modules/esm/resolve:854:18)
#     at defaultResolve (node:internal/modules/esm/resolve:984:11)
#     at ModuleLoader.defaultResolve (node:internal/modules/esm/loader:780:12)
#     at \#cachedDefaultResolve (node:internal/modules/esm/loader:704:25)
#     at ModuleLoader.resolve (node:internal/modules/esm/loader:687:38)
#     at ModuleLoader.getModuleJobForImport (node:internal/modules/esm/loader:305:38)
#     at ModuleJob._link (node:internal/modules/esm/module_job:137:49) {
#   code: 'ERR_MODULE_NOT_FOUND'
# }
# Node.js v22.16.0
# Subtest: tests/admin-security-contract.test.mjs
not ok 5 - tests/admin-security-contract.test.mjs
  ---
  duration_ms: 36.6476
  type: 'test'
  location: '/mnt/data/work/maras-main/tests/admin-security-contract.test.mjs:1:1'
  failureType: 'testCodeFailure'
  exitCode: 1
  signal: ~
  error: 'test failed'
  code: 'ERR_TEST_FAILURE'
  ...
# Subtest: web appearance preferences provide palettes, font scale, and early hydration
ok 9 - web appearance preferences provide palettes, font scale, and early hydration
  ---
  duration_ms: 4.950724
  type: 'test'
  ...
# Subtest: Expo appearance preferences are persisted and mounted for all roles
ok 10 - Expo appearance preferences are persisted and mounted for all roles
  ---
  duration_ms: 3.079535
  type: 'test'
  ...
# node:internal/modules/run_main:123
#     triggerUncaughtException(
#     ^
# Error: Cannot find package '/mnt/data/work/maras-main/node_modules/typescript/index.js' imported from /mnt/data/work/maras-main/tests/mobile-routing-harness.mjs
# Did you mean to import "typescript/lib/typescript.js"?
#     at legacyMainResolve (node:internal/modules/esm/resolve:204:26)
#     at packageResolve (node:internal/modules/esm/resolve:778:12)
#     at moduleResolve (node:internal/modules/esm/resolve:854:18)
#     at defaultResolve (node:internal/modules/esm/resolve:984:11)
#     at ModuleLoader.defaultResolve (node:internal/modules/esm/loader:780:12)
#     at \#cachedDefaultResolve (node:internal/modules/esm/loader:704:25)
#     at ModuleLoader.resolve (node:internal/modules/esm/loader:687:38)
#     at ModuleLoader.getModuleJobForImport (node:internal/modules/esm/loader:305:38)
#     at ModuleJob._link (node:internal/modules/esm/module_job:137:49) {
#   code: 'ERR_MODULE_NOT_FOUND'
# }
# Node.js v22.16.0
# Subtest: tests/assistant-quality-contract.test.mjs
not ok 7 - tests/assistant-quality-contract.test.mjs
  ---
  duration_ms: 35.929286
  type: 'test'
  location: '/mnt/data/work/maras-main/tests/assistant-quality-contract.test.mjs:1:1'
  failureType: 'testCodeFailure'
  exitCode: 1
  signal: ~
  error: 'test failed'
  code: 'ERR_TEST_FAILURE'
  ...
# node:internal/modules/run_main:123
#     triggerUncaughtException(
#     ^
# Error: Cannot find package '/mnt/data/work/maras-main/node_modules/typescript/index.js' imported from /mnt/data/work/maras-main/tests/assistant-seo-behavior.test.mjs
# Did you mean to import "typescript/lib/typescript.js"?
#     at legacyMainResolve (node:internal/modules/esm/resolve:204:26)
#     at packageResolve (node:internal/modules/esm/resolve:778:12)
#     at moduleResolve (node:internal/modules/esm/resolve:854:18)
#     at defaultResolve (node:internal/modules/esm/resolve:984:11)
#     at ModuleLoader.defaultResolve (node:internal/modules/esm/loader:780:12)
#     at \#cachedDefaultResolve (node:internal/modules/esm/loader:704:25)
#     at ModuleLoader.resolve (node:internal/modules/esm/loader:687:38)
#     at ModuleLoader.getModuleJobForImport (node:internal/modules/esm/loader:305:38)
#     at ModuleJob._link (node:internal/modules/esm/module_job:137:49) {
#   code: 'ERR_MODULE_NOT_FOUND'
# }
# Node.js v22.16.0
# Subtest: tests/assistant-seo-behavior.test.mjs
not ok 8 - tests/assistant-seo-behavior.test.mjs
  ---
  duration_ms: 35.3859
  type: 'test'
  location: '/mnt/data/work/maras-main/tests/assistant-seo-behavior.test.mjs:1:1'
  failureType: 'testCodeFailure'
  exitCode: 1
  signal: ~
  error: 'test failed'
  code: 'ERR_TEST_FAILURE'
  ...
# Subtest: course savings badge is placed in the upper-left cover corner
ok 13 - course savings badge is placed in the upper-left cover corner
  ---
  duration_ms: 0.695054
  type: 'test'
  ...
# Subtest: auth pages use the site header and provide field guidance
ok 14 - auth pages use the site header and provide field guidance
  ---
  duration_ms: 0.229785
  type: 'test'
  ...
# node:internal/modules/run_main:123
#     triggerUncaughtException(
#     ^
# Error: Cannot find package '/mnt/data/work/maras-main/node_modules/typescript/index.js' imported from /mnt/data/work/maras-main/tests/helpers/business-fixtures.mjs
# Did you mean to import "typescript/lib/typescript.js"?
#     at legacyMainResolve (node:internal/modules/esm/resolve:204:26)
#     at packageResolve (node:internal/modules/esm/resolve:778:12)
#     at moduleResolve (node:internal/modules/esm/resolve:854:18)
#     at defaultResolve (node:internal/modules/esm/resolve:984:11)
#     at ModuleLoader.defaultResolve (node:internal/modules/esm/loader:780:12)
#     at \#cachedDefaultResolve (node:internal/modules/esm/loader:704:25)
#     at ModuleLoader.resolve (node:internal/modules/esm/loader:687:38)
#     at ModuleLoader.getModuleJobForImport (node:internal/modules/esm/loader:305:38)
#     at ModuleJob._link (node:internal/modules/esm/module_job:137:49) {
#   code: 'ERR_MODULE_NOT_FOUND'
# }
# Node.js v22.16.0
# Subtest: tests/auth-device-enrollment-behavior.test.mjs
not ok 10 - tests/auth-device-enrollment-behavior.test.mjs
  ---
  duration_ms: 31.50026
  type: 'test'
  location: '/mnt/data/work/maras-main/tests/auth-device-enrollment-behavior.test.mjs:1:1'
  failureType: 'testCodeFailure'
  exitCode: 1
  signal: ~
  error: 'test failed'
  code: 'ERR_TEST_FAILURE'
  ...
# node:internal/modules/run_main:123
#     triggerUncaughtException(
#     ^
# Error: Cannot find package '/mnt/data/work/maras-main/node_modules/typescript/index.js' imported from /mnt/data/work/maras-main/tests/auth-input.test.mjs
# Did you mean to import "typescript/lib/typescript.js"?
#     at legacyMainResolve (node:internal/modules/esm/resolve:204:26)
#     at packageResolve (node:internal/modules/esm/resolve:778:12)
#     at moduleResolve (node:internal/modules/esm/resolve:854:18)
#     at defaultResolve (node:internal/modules/esm/resolve:984:11)
#     at ModuleLoader.defaultResolve (node:internal/modules/esm/loader:780:12)
#     at \#cachedDefaultResolve (node:internal/modules/esm/loader:704:25)
#     at ModuleLoader.resolve (node:internal/modules/esm/loader:687:38)
#     at ModuleLoader.getModuleJobForImport (node:internal/modules/esm/loader:305:38)
#     at ModuleJob._link (node:internal/modules/esm/module_job:137:49) {
#   code: 'ERR_MODULE_NOT_FOUND'
# }
# Node.js v22.16.0
# Subtest: tests/auth-input.test.mjs
not ok 11 - tests/auth-input.test.mjs
  ---
  duration_ms: 37.482073
  type: 'test'
  location: '/mnt/data/work/maras-main/tests/auth-input.test.mjs:1:1'
  failureType: 'testCodeFailure'
  exitCode: 1
  signal: ~
  error: 'test failed'
  code: 'ERR_TEST_FAILURE'
  ...
# Subtest: coupon service validates active windows and preserves course scope
ok 17 - coupon service validates active windows and preserves course scope
  ---
  duration_ms: 5.608352
  type: 'test'
  ...
# Subtest: web and Expo footers consume the same live public settings
ok 18 - web and Expo footers consume the same live public settings
  ---
  duration_ms: 5.008261
  type: 'test'
  ...
# node:internal/modules/run_main:123
#     triggerUncaughtException(
#     ^
# Error: Cannot find package '/mnt/data/work/maras-main/node_modules/typescript/index.js' imported from /mnt/data/work/maras-main/tests/browser-resource-lifecycle.test.mjs
# Did you mean to import "typescript/lib/typescript.js"?
#     at legacyMainResolve (node:internal/modules/esm/resolve:204:26)
#     at packageResolve (node:internal/modules/esm/resolve:778:12)
#     at moduleResolve (node:internal/modules/esm/resolve:854:18)
#     at defaultResolve (node:internal/modules/esm/resolve:984:11)
#     at ModuleLoader.defaultResolve (node:internal/modules/esm/loader:780:12)
#     at \#cachedDefaultResolve (node:internal/modules/esm/loader:704:25)
#     at ModuleLoader.resolve (node:internal/modules/esm/loader:687:38)
#     at ModuleLoader.getModuleJobForImport (node:internal/modules/esm/loader:305:38)
#     at ModuleJob._link (node:internal/modules/esm/module_job:137:49) {
#   code: 'ERR_MODULE_NOT_FOUND'
# }
# Node.js v22.16.0
# Subtest: tests/browser-resource-lifecycle.test.mjs
not ok 13 - tests/browser-resource-lifecycle.test.mjs
  ---
  duration_ms: 41.762791
  type: 'test'
  location: '/mnt/data/work/maras-main/tests/browser-resource-lifecycle.test.mjs:1:1'
  failureType: 'testCodeFailure'
  exitCode: 1
  signal: ~
  error: 'test failed'
  code: 'ERR_TEST_FAILURE'
  ...
# node:internal/modules/run_main:123
#     triggerUncaughtException(
#     ^
# Error: Cannot find package '/mnt/data/work/maras-main/node_modules/typescript/index.js' imported from /mnt/data/work/maras-main/tests/helpers/business-fixtures.mjs
# Did you mean to import "typescript/lib/typescript.js"?
#     at legacyMainResolve (node:internal/modules/esm/resolve:204:26)
#     at packageResolve (node:internal/modules/esm/resolve:778:12)
#     at moduleResolve (node:internal/modules/esm/resolve:854:18)
#     at defaultResolve (node:internal/modules/esm/resolve:984:11)
#     at ModuleLoader.defaultResolve (node:internal/modules/esm/loader:780:12)
#     at \#cachedDefaultResolve (node:internal/modules/esm/loader:704:25)
#     at ModuleLoader.resolve (node:internal/modules/esm/loader:687:38)
#     at ModuleLoader.getModuleJobForImport (node:internal/modules/esm/loader:305:38)
#     at ModuleJob._link (node:internal/modules/esm/module_job:137:49) {
#   code: 'ERR_MODULE_NOT_FOUND'
# }
# Node.js v22.16.0
# Subtest: tests/business-services-behavior.test.mjs
not ok 14 - tests/business-services-behavior.test.mjs
  ---
  duration_ms: 34.345242
  type: 'test'
  location: '/mnt/data/work/maras-main/tests/business-services-behavior.test.mjs:1:1'
  failureType: 'testCodeFailure'
  exitCode: 1
  signal: ~
  error: 'test failed'
  code: 'ERR_TEST_FAILURE'
  ...
# Subtest: generated catalog identifiers are deterministic and valid
ok 21 - generated catalog identifiers are deterministic and valid
  ---
  duration_ms: 1.378981
  type: 'test'
  ...
# Subtest: source contracts preserve automatic IDs and optional descriptions
ok 22 - source contracts preserve automatic IDs and optional descriptions
  ---
  duration_ms: 4.410403
  type: 'test'
  ...
# Subtest: cover endpoints enforce admin origin, HTTPS links, magic bytes, and size limits
ok 23 - cover endpoints enforce admin origin, HTTPS links, magic bytes, and size limits
  ---
  duration_ms: 1.968987
  type: 'test'
  ...
# node:internal/modules/run_main:123
#     triggerUncaughtException(
#     ^
# Error: Cannot find package '/mnt/data/work/maras-main/node_modules/typescript/index.js' imported from /mnt/data/work/maras-main/tests/catalog-search-behavior.test.mjs
# Did you mean to import "typescript/lib/typescript.js"?
#     at legacyMainResolve (node:internal/modules/esm/resolve:204:26)
#     at packageResolve (node:internal/modules/esm/resolve:778:12)
#     at moduleResolve (node:internal/modules/esm/resolve:854:18)
#     at defaultResolve (node:internal/modules/esm/resolve:984:11)
#     at ModuleLoader.defaultResolve (node:internal/modules/esm/loader:780:12)
#     at \#cachedDefaultResolve (node:internal/modules/esm/loader:704:25)
#     at ModuleLoader.resolve (node:internal/modules/esm/loader:687:38)
#     at ModuleLoader.getModuleJobForImport (node:internal/modules/esm/loader:305:38)
#     at ModuleJob._link (node:internal/modules/esm/module_job:137:49) {
#   code: 'ERR_MODULE_NOT_FOUND'
# }
# Node.js v22.16.0
# Subtest: tests/catalog-search-behavior.test.mjs
not ok 16 - tests/catalog-search-behavior.test.mjs
  ---
  duration_ms: 31.719054
  type: 'test'
  location: '/mnt/data/work/maras-main/tests/catalog-search-behavior.test.mjs:1:1'
  failureType: 'testCodeFailure'
  exitCode: 1
  signal: ~
  error: 'test failed'
  code: 'ERR_TEST_FAILURE'
  ...
# node:internal/modules/run_main:123
#     triggerUncaughtException(
#     ^
# Error: Cannot find package '/mnt/data/work/maras-main/node_modules/typescript/index.js' imported from /mnt/data/work/maras-main/tests/checkout-account-readiness.test.mjs
# Did you mean to import "typescript/lib/typescript.js"?
#     at legacyMainResolve (node:internal/modules/esm/resolve:204:26)
#     at packageResolve (node:internal/modules/esm/resolve:778:12)
#     at moduleResolve (node:internal/modules/esm/resolve:854:18)
#     at defaultResolve (node:internal/modules/esm/resolve:984:11)
#     at ModuleLoader.defaultResolve (node:internal/modules/esm/loader:780:12)
#     at \#cachedDefaultResolve (node:internal/modules/esm/loader:704:25)
#     at ModuleLoader.resolve (node:internal/modules/esm/loader:687:38)
#     at ModuleLoader.getModuleJobForImport (node:internal/modules/esm/loader:305:38)
#     at ModuleJob._link (node:internal/modules/esm/module_job:137:49) {
#   code: 'ERR_MODULE_NOT_FOUND'
# }
# Node.js v22.16.0
# Subtest: tests/checkout-account-readiness.test.mjs
not ok 17 - tests/checkout-account-readiness.test.mjs
  ---
  duration_ms: 36.248986
  type: 'test'
  location: '/mnt/data/work/maras-main/tests/checkout-account-readiness.test.mjs:1:1'
  failureType: 'testCodeFailure'
  exitCode: 1
  signal: ~
  error: 'test failed'
  code: 'ERR_TEST_FAILURE'
  ...
# node:internal/modules/run_main:123
#     triggerUncaughtException(
#     ^
# Error: Cannot find package '/mnt/data/work/maras-main/node_modules/typescript/index.js' imported from /mnt/data/work/maras-main/tests/checkout-provider-race.test.mjs
# Did you mean to import "typescript/lib/typescript.js"?
#     at legacyMainResolve (node:internal/modules/esm/resolve:204:26)
#     at packageResolve (node:internal/modules/esm/resolve:778:12)
#     at moduleResolve (node:internal/modules/esm/resolve:854:18)
#     at defaultResolve (node:internal/modules/esm/resolve:984:11)
#     at ModuleLoader.defaultResolve (node:internal/modules/esm/loader:780:12)
#     at \#cachedDefaultResolve (node:internal/modules/esm/loader:704:25)
#     at ModuleLoader.resolve (node:internal/modules/esm/loader:687:38)
#     at ModuleLoader.getModuleJobForImport (node:internal/modules/esm/loader:305:38)
#     at ModuleJob._link (node:internal/modules/esm/module_job:137:49) {
#   code: 'ERR_MODULE_NOT_FOUND'
# }
# Node.js v22.16.0
# Subtest: tests/checkout-provider-race.test.mjs
not ok 18 - tests/checkout-provider-race.test.mjs
  ---
  duration_ms: 32.150321
  type: 'test'
  location: '/mnt/data/work/maras-main/tests/checkout-provider-race.test.mjs:1:1'
  failureType: 'testCodeFailure'
  exitCode: 1
  signal: ~
  error: 'test failed'
  code: 'ERR_TEST_FAILURE'
  ...
# Subtest: assistant is excluded from web and Expo admin surfaces
ok 27 - assistant is excluded from web and Expo admin surfaces
  ---
  duration_ms: 6.393131
  type: 'test'
  ...
# Subtest: commerce controls use server-backed state and live badges
ok 28 - commerce controls use server-backed state and live badges
  ---
  duration_ms: 2.858092
  type: 'test'
  ...
# Subtest: auth headers expose the requested desktop and mobile layout
ok 29 - auth headers expose the requested desktop and mobile layout
  ---
  duration_ms: 2.106794
  type: 'test'
  ...
# node:internal/modules/run_main:123
#     triggerUncaughtException(
#     ^
# Error: Cannot find package '/mnt/data/work/maras-main/node_modules/typescript/index.js' imported from /mnt/data/work/maras-main/tests/course-bundles-contract.test.mjs
# Did you mean to import "typescript/lib/typescript.js"?
#     at legacyMainResolve (node:internal/modules/esm/resolve:204:26)
#     at packageResolve (node:internal/modules/esm/resolve:778:12)
#     at moduleResolve (node:internal/modules/esm/resolve:854:18)
#     at defaultResolve (node:internal/modules/esm/resolve:984:11)
#     at ModuleLoader.defaultResolve (node:internal/modules/esm/loader:780:12)
#     at \#cachedDefaultResolve (node:internal/modules/esm/loader:704:25)
#     at ModuleLoader.resolve (node:internal/modules/esm/loader:687:38)
#     at ModuleLoader.getModuleJobForImport (node:internal/modules/esm/loader:305:38)
#     at ModuleJob._link (node:internal/modules/esm/module_job:137:49) {
#   code: 'ERR_MODULE_NOT_FOUND'
# }
# Node.js v22.16.0
# Subtest: tests/course-bundles-contract.test.mjs
not ok 20 - tests/course-bundles-contract.test.mjs
  ---
  duration_ms: 39.175376
  type: 'test'
  location: '/mnt/data/work/maras-main/tests/course-bundles-contract.test.mjs:1:1'
  failureType: 'testCodeFailure'
  exitCode: 1
  signal: ~
  error: 'test failed'
  code: 'ERR_TEST_FAILURE'
  ...
# Subtest: course requests stream attachments with aggregate, file, and count limits
ok 31 - course requests stream attachments with aggregate, file, and count limits
  ---
  duration_ms: 0.949816
  type: 'test'
  ...
# Subtest: admin request preparation persists the selected course and sends a direct material route
ok 32 - admin request preparation persists the selected course and sends a direct material route
  ---
  duration_ms: 0.294843
  type: 'test'
  ...
# node:internal/modules/run_main:123
#     triggerUncaughtException(
#     ^
# Error: Cannot find package '/mnt/data/work/maras-main/node_modules/typescript/index.js' imported from /mnt/data/work/maras-main/tests/course-reviews-client-behavior.test.mjs
# Did you mean to import "typescript/lib/typescript.js"?
#     at legacyMainResolve (node:internal/modules/esm/resolve:204:26)
#     at packageResolve (node:internal/modules/esm/resolve:778:12)
#     at moduleResolve (node:internal/modules/esm/resolve:854:18)
#     at defaultResolve (node:internal/modules/esm/resolve:984:11)
#     at ModuleLoader.defaultResolve (node:internal/modules/esm/loader:780:12)
#     at \#cachedDefaultResolve (node:internal/modules/esm/loader:704:25)
#     at ModuleLoader.resolve (node:internal/modules/esm/loader:687:38)
#     at ModuleLoader.getModuleJobForImport (node:internal/modules/esm/loader:305:38)
#     at ModuleJob._link (node:internal/modules/esm/module_job:137:49) {
#   code: 'ERR_MODULE_NOT_FOUND'
# }
# Node.js v22.16.0
# Subtest: tests/course-reviews-client-behavior.test.mjs
not ok 22 - tests/course-reviews-client-behavior.test.mjs
  ---
  duration_ms: 42.679894
  type: 'test'
  location: '/mnt/data/work/maras-main/tests/course-reviews-client-behavior.test.mjs:1:1'
  failureType: 'testCodeFailure'
  exitCode: 1
  signal: ~
  error: 'test failed'
  code: 'ERR_TEST_FAILURE'
  ...
# Subtest: only the selected dashboard section is active in the header
ok 34 - only the selected dashboard section is active in the header
  ---
  duration_ms: 1.355185
  type: 'test'
  ...
# Subtest: each dashboard section survives URL round trips and unknown views fall back safely
ok 35 - each dashboard section survives URL round trips and unknown views fall back safely
  ---
  duration_ms: 0.293461
  type: 'test'
  ...
# Subtest: payment return opens orders and leaving it removes stale payment routing
ok 36 - payment return opens orders and leaving it removes stale payment routing
  ---
  duration_ms: 0.187942
  type: 'test'
  ...
# Subtest: navigation matches route boundaries and does not mark FAQ as the homepage
ok 37 - navigation matches route boundaries and does not mark FAQ as the homepage
  ---
  duration_ms: 0.105208
  type: 'test'
  ...
# Subtest: web layout applies global RTL while preserving natural LTR fields
ok 38 - web layout applies global RTL while preserving natural LTR fields
  ---
  duration_ms: 4.770274
  type: 'test'
  ...
# node:internal/modules/run_main:123
#     triggerUncaughtException(
#     ^
# Error: Cannot find package '/mnt/data/work/maras-main/node_modules/typescript/index.js' imported from /mnt/data/work/maras-main/tests/email-verification-security.test.mjs
# Did you mean to import "typescript/lib/typescript.js"?
#     at legacyMainResolve (node:internal/modules/esm/resolve:204:26)
#     at packageResolve (node:internal/modules/esm/resolve:778:12)
#     at moduleResolve (node:internal/modules/esm/resolve:854:18)
#     at defaultResolve (node:internal/modules/esm/resolve:984:11)
#     at ModuleLoader.defaultResolve (node:internal/modules/esm/loader:780:12)
#     at \#cachedDefaultResolve (node:internal/modules/esm/loader:704:25)
#     at ModuleLoader.resolve (node:internal/modules/esm/loader:687:38)
#     at ModuleLoader.getModuleJobForImport (node:internal/modules/esm/loader:305:38)
#     at ModuleJob._link (node:internal/modules/esm/module_job:137:49) {
#   code: 'ERR_MODULE_NOT_FOUND'
# }
# Node.js v22.16.0
# Subtest: tests/email-verification-security.test.mjs
not ok 25 - tests/email-verification-security.test.mjs
  ---
  duration_ms: 38.565224
  type: 'test'
  location: '/mnt/data/work/maras-main/tests/email-verification-security.test.mjs:1:1'
  failureType: 'testCodeFailure'
  exitCode: 1
  signal: ~
  error: 'test failed'
  code: 'ERR_TEST_FAILURE'
  ...
# Subtest: Expo Web origin is trusted consistently by CORS and CSRF validation
ok 40 - Expo Web origin is trusted consistently by CORS and CSRF validation
  ---
  duration_ms: 3.933998
  type: 'test'
  ...
# node:internal/modules/run_main:123
#     triggerUncaughtException(
#     ^
# Error: Cannot find package '/mnt/data/work/maras-main/node_modules/typescript/index.js' imported from /mnt/data/work/maras-main/tests/finance-center.test.mjs
# Did you mean to import "typescript/lib/typescript.js"?
#     at legacyMainResolve (node:internal/modules/esm/resolve:204:26)
#     at packageResolve (node:internal/modules/esm/resolve:778:12)
#     at moduleResolve (node:internal/modules/esm/resolve:854:18)
#     at defaultResolve (node:internal/modules/esm/resolve:984:11)
#     at ModuleLoader.defaultResolve (node:internal/modules/esm/loader:780:12)
#     at \#cachedDefaultResolve (node:internal/modules/esm/loader:704:25)
#     at ModuleLoader.resolve (node:internal/modules/esm/loader:687:38)
#     at ModuleLoader.getModuleJobForImport (node:internal/modules/esm/loader:305:38)
#     at ModuleJob._link (node:internal/modules/esm/module_job:137:49) {
#   code: 'ERR_MODULE_NOT_FOUND'
# }
# Node.js v22.16.0
# Subtest: tests/finance-center.test.mjs
not ok 27 - tests/finance-center.test.mjs
  ---
  duration_ms: 53.228815
  type: 'test'
  location: '/mnt/data/work/maras-main/tests/finance-center.test.mjs:1:1'
  failureType: 'testCodeFailure'
  exitCode: 1
  signal: ~
  error: 'test failed'
  code: 'ERR_TEST_FAILURE'
  ...
# node:internal/modules/run_main:123
#     triggerUncaughtException(
#     ^
# Error: Cannot find package '/mnt/data/work/maras-main/node_modules/typescript/index.js' imported from /mnt/data/work/maras-main/tests/finance-governance.test.mjs
# Did you mean to import "typescript/lib/typescript.js"?
#     at legacyMainResolve (node:internal/modules/esm/resolve:204:26)
#     at packageResolve (node:internal/modules/esm/resolve:778:12)
#     at moduleResolve (node:internal/modules/esm/resolve:854:18)
#     at defaultResolve (node:internal/modules/esm/resolve:984:11)
#     at ModuleLoader.defaultResolve (node:internal/modules/esm/loader:780:12)
#     at \#cachedDefaultResolve (node:internal/modules/esm/loader:704:25)
#     at ModuleLoader.resolve (node:internal/modules/esm/loader:687:38)
#     at ModuleLoader.getModuleJobForImport (node:internal/modules/esm/loader:305:38)
#     at ModuleJob._link (node:internal/modules/esm/module_job:137:49) {
#   code: 'ERR_MODULE_NOT_FOUND'
# }
# Node.js v22.16.0
# Subtest: tests/finance-governance.test.mjs
not ok 28 - tests/finance-governance.test.mjs
  ---
  duration_ms: 30.469206
  type: 'test'
  location: '/mnt/data/work/maras-main/tests/finance-governance.test.mjs:1:1'
  failureType: 'testCodeFailure'
  exitCode: 1
  signal: ~
  error: 'test failed'
  code: 'ERR_TEST_FAILURE'
  ...
# Subtest: web font scale is text-only and never zooms the page
ok 43 - web font scale is text-only and never zooms the page
  ---
  duration_ms: 0.855164
  type: 'test'
  ...
# Subtest: mobile font scale is applied through text style only
ok 44 - mobile font scale is applied through text style only
  ---
  duration_ms: 0.231798
  type: 'test'
  ...
# node:internal/modules/run_main:123
#     triggerUncaughtException(
#     ^
# Error: Cannot find package '/mnt/data/work/maras-main/node_modules/typescript/index.js' imported from /mnt/data/work/maras-main/tests/forgot-password-delivery.test.mjs
# Did you mean to import "typescript/lib/typescript.js"?
#     at legacyMainResolve (node:internal/modules/esm/resolve:204:26)
#     at packageResolve (node:internal/modules/esm/resolve:778:12)
#     at moduleResolve (node:internal/modules/esm/resolve:854:18)
#     at defaultResolve (node:internal/modules/esm/resolve:984:11)
#     at ModuleLoader.defaultResolve (node:internal/modules/esm/loader:780:12)
#     at \#cachedDefaultResolve (node:internal/modules/esm/loader:704:25)
#     at ModuleLoader.resolve (node:internal/modules/esm/loader:687:38)
#     at ModuleLoader.getModuleJobForImport (node:internal/modules/esm/loader:305:38)
#     at ModuleJob._link (node:internal/modules/esm/module_job:137:49) {
#   code: 'ERR_MODULE_NOT_FOUND'
# }
# Node.js v22.16.0
# Subtest: tests/forgot-password-delivery.test.mjs
not ok 30 - tests/forgot-password-delivery.test.mjs
  ---
  duration_ms: 37.333195
  type: 'test'
  location: '/mnt/data/work/maras-main/tests/forgot-password-delivery.test.mjs:1:1'
  failureType: 'testCodeFailure'
  exitCode: 1
  signal: ~
  error: 'test failed'
  code: 'ERR_TEST_FAILURE'
  ...
# node:internal/modules/run_main:123
#     triggerUncaughtException(
#     ^
# Error: Cannot find package '/mnt/data/work/maras-main/node_modules/typescript/index.js' imported from /mnt/data/work/maras-main/tests/gemini-provider.test.mjs
# Did you mean to import "typescript/lib/typescript.js"?
#     at legacyMainResolve (node:internal/modules/esm/resolve:204:26)
#     at packageResolve (node:internal/modules/esm/resolve:778:12)
#     at moduleResolve (node:internal/modules/esm/resolve:854:18)
#     at defaultResolve (node:internal/modules/esm/resolve:984:11)
#     at ModuleLoader.defaultResolve (node:internal/modules/esm/loader:780:12)
#     at \#cachedDefaultResolve (node:internal/modules/esm/loader:704:25)
#     at ModuleLoader.resolve (node:internal/modules/esm/loader:687:38)
#     at ModuleLoader.getModuleJobForImport (node:internal/modules/esm/loader:305:38)
#     at ModuleJob._link (node:internal/modules/esm/module_job:137:49) {
#   code: 'ERR_MODULE_NOT_FOUND'
# }
# Node.js v22.16.0
# Subtest: tests/gemini-provider.test.mjs
not ok 31 - tests/gemini-provider.test.mjs
  ---
  duration_ms: 36.849258
  type: 'test'
  location: '/mnt/data/work/maras-main/tests/gemini-provider.test.mjs:1:1'
  failureType: 'testCodeFailure'
  exitCode: 1
  signal: ~
  error: 'test failed'
  code: 'ERR_TEST_FAILURE'
  ...
# Subtest: waitlist is persisted, lifecycle-notified, and converted after payment
ok 47 - waitlist is persisted, lifecycle-notified, and converted after payment
  ---
  duration_ms: 6.004517
  type: 'test'
  ...
# Subtest: bundle, refund and settlement governance are server-side
ok 48 - bundle, refund and settlement governance are server-side
  ---
  duration_ms: 4.278375
  type: 'test'
  ...
# Subtest: attachments fail closed until a production malware scan succeeds
ok 49 - attachments fail closed until a production malware scan succeeds
  ---
  duration_ms: 1.293412
  type: 'test'
  ...
# Subtest: operations center exposes funnel, cohorts, SLA and automation queues
ok 50 - operations center exposes funnel, cohorts, SLA and automation queues
  ---
  duration_ms: 1.555186
  type: 'test'
  ...
# Subtest: invoice is printable and protected by account ownership
ok 51 - invoice is printable and protected by account ownership
  ---
  duration_ms: 1.682787
  type: 'test'
  ...
# Subtest: the homepage uses the focused premium experience without the blocking intro
ok 52 - the homepage uses the focused premium experience without the blocking intro
  ---
  duration_ms: 4.105035
  type: 'test'
  ...
# Subtest: the hero search is lightweight, semantic, and keyboard accessible
ok 53 - the hero search is lightweight, semantic, and keyboard accessible
  ---
  duration_ms: 3.315809
  type: 'test'
  ...
# Subtest: the homepage animation system is responsive and respects reduced motion
ok 54 - the homepage animation system is responsive and respects reduced motion
  ---
  duration_ms: 2.435988
  type: 'test'
  ...
# Subtest: Gemini keys are server-only and encrypted with authenticated encryption
ok 55 - Gemini keys are server-only and encrypted with authenticated encryption
  ---
  duration_ms: 1.863428
  type: 'test'
  ...
# Subtest: Gemini rotation never leaks keys and has bounded failover
ok 56 - Gemini rotation never leaks keys and has bounded failover
  ---
  duration_ms: 0.65249
  type: 'test'
  ...
# Subtest: AI files accept only safe faithfully supported types
ok 57 - AI files accept only safe faithfully supported types
  ---
  duration_ms: 0.327642
  type: 'test'
  ...
# Subtest: upload enforces entitlement hard size quota concurrency and provider scan
ok 58 - upload enforces entitlement hard size quota concurrency and provider scan
  ---
  duration_ms: 0.64567
  type: 'test'
  ...
# Subtest: provider failures have billable semantics and expiring leases
ok 59 - provider failures have billable semantics and expiring leases
  ---
  duration_ms: 0.937528
  type: 'test'
  ...
# Subtest: conversation PATCH and DELETE are authenticated same-origin and limited
ok 60 - conversation PATCH and DELETE are authenticated same-origin and limited
  ---
  duration_ms: 0.389254
  type: 'test'
  ...
# Subtest: AI checkout uses server price and idempotency
ok 61 - AI checkout uses server price and idempotency
  ---
  duration_ms: 0.30618
  type: 'test'
  ...
# Subtest: Tap state machine cannot resurrect refunded AI access
ok 62 - Tap state machine cannot resurrect refunded AI access
  ---
  duration_ms: 1.560723
  type: 'test'
  ...
# Subtest: student and admin web pages implement the stable contract
ok 63 - student and admin web pages implement the stable contract
  ---
  duration_ms: 0.894083
  type: 'test'
  ...
# Subtest: mobile exposes AI status history actions quiz and deep links
ok 64 - mobile exposes AI status history actions quiz and deep links
  ---
  duration_ms: 25.158421
  type: 'test'
  ...
# Subtest: AI environment variables are documented without live keys
ok 65 - AI environment variables are documented without live keys
  ---
  duration_ms: 0.461243
  type: 'test'
  ...
# Subtest: protected mobile downloads support Expo Web and privileged request routes
ok 66 - protected mobile downloads support Expo Web and privileged request routes
  ---
  duration_ms: 9.050151
  type: 'test'
  ...
# Subtest: download names preserve a normal extension without splitting Unicode
ok 67 - download names preserve a normal extension without splitting Unicode
  ---
  duration_ms: 1.10516
  type: 'test'
  ...
# Subtest: institution-wide courses stay inside the student's university on mobile
ok 68 - institution-wide courses stay inside the student's university on mobile
  ---
  duration_ms: 0.730057
  type: 'test'
  ...
# Subtest: mobile learning room lists and securely downloads course resources
ok 69 - mobile learning room lists and securely downloads course resources
  ---
  duration_ms: 1.458481
  type: 'test'
  ...
# Subtest: public partners API exposes only the already-filtered bounded projection
ok 70 - public partners API exposes only the already-filtered bounded projection
  ---
  duration_ms: 4.365245
  type: 'test'
  ...
# Subtest: mobile home hides an empty partner rail and bounds cached logo rendering
ok 71 - mobile home hides an empty partner rail and bounds cached logo rendering
  ---
  duration_ms: 1.110147
  type: 'test'
  ...
# Subtest: mobile administration controls payment marketing and incomplete social data stays hidden
ok 72 - mobile administration controls payment marketing and incomplete social data stays hidden
  ---
  duration_ms: 1.964199
  type: 'test'
  ...
# Subtest: scroll reveals have perceptible finite durations and a bounded stagger
ok 73 - scroll reveals have perceptible finite durations and a bounded stagger
  ---
  duration_ms: 1.170017
  type: 'test'
  ...
# Subtest: reveal keyframes do not persist a containing block or animate dimensions
ok 74 - reveal keyframes do not persist a containing block or animate dimensions
  ---
  duration_ms: 0.201072
  type: 'test'
  ...
# Subtest: unsupported observers degrade to visible, working content
ok 75 - unsupported observers degrade to visible, working content
  ---
  duration_ms: 0.335353
  type: 'test'
  ...
# Subtest: scroll targeting uses semantic home hooks and excludes media, dialogs, and the assistant
ok 76 - scroll targeting uses semantic home hooks and excludes media, dialogs, and the assistant
  ---
  duration_ms: 0.267441
  type: 'test'
  ...
# Subtest: preference changes, focused elements, removals, and navigation have explicit cleanup
ok 77 - preference changes, focused elements, removals, and navigation have explicit cleanup
  ---
  duration_ms: 3.021918
  type: 'test'
  ...
# Subtest: first-paint hero motion is independent of deferred JS and respects reduced motion
ok 78 - first-paint hero motion is independent of deferred JS and respects reduced motion
  ---
  duration_ms: 0.306441
  type: 'test'
  ...
# node:internal/modules/run_main:123
#     triggerUncaughtException(
#     ^
# Error: Cannot find package '/mnt/data/work/maras-main/node_modules/typescript/index.js' imported from /mnt/data/work/maras-main/tests/mobile-routing-harness.mjs
# Did you mean to import "typescript/lib/typescript.js"?
#     at legacyMainResolve (node:internal/modules/esm/resolve:204:26)
#     at packageResolve (node:internal/modules/esm/resolve:778:12)
#     at moduleResolve (node:internal/modules/esm/resolve:854:18)
#     at defaultResolve (node:internal/modules/esm/resolve:984:11)
#     at ModuleLoader.defaultResolve (node:internal/modules/esm/loader:780:12)
#     at \#cachedDefaultResolve (node:internal/modules/esm/loader:704:25)
#     at ModuleLoader.resolve (node:internal/modules/esm/loader:687:38)
#     at ModuleLoader.getModuleJobForImport (node:internal/modules/esm/loader:305:38)
#     at ModuleJob._link (node:internal/modules/esm/module_job:137:49) {
#   code: 'ERR_MODULE_NOT_FOUND'
# }
# Node.js v22.16.0
# Subtest: tests/notifications-auth-brand-contract.test.mjs
not ok 38 - tests/notifications-auth-brand-contract.test.mjs
  ---
  duration_ms: 47.9444
  type: 'test'
  location: '/mnt/data/work/maras-main/tests/notifications-auth-brand-contract.test.mjs:1:1'
  failureType: 'testCodeFailure'
  exitCode: 1
  signal: ~
  error: 'test failed'
  code: 'ERR_TEST_FAILURE'
  ...
# node:internal/modules/run_main:123
#     triggerUncaughtException(
#     ^
# Error: Cannot find package '/mnt/data/work/maras-main/node_modules/typescript/index.js' imported from /mnt/data/work/maras-main/tests/oauth-security-behavior.test.mjs
# Did you mean to import "typescript/lib/typescript.js"?
#     at legacyMainResolve (node:internal/modules/esm/resolve:204:26)
#     at packageResolve (node:internal/modules/esm/resolve:778:12)
#     at moduleResolve (node:internal/modules/esm/resolve:854:18)
#     at defaultResolve (node:internal/modules/esm/resolve:984:11)
#     at ModuleLoader.defaultResolve (node:internal/modules/esm/loader:780:12)
#     at \#cachedDefaultResolve (node:internal/modules/esm/loader:704:25)
#     at ModuleLoader.resolve (node:internal/modules/esm/loader:687:38)
#     at ModuleLoader.getModuleJobForImport (node:internal/modules/esm/loader:305:38)
#     at ModuleJob._link (node:internal/modules/esm/module_job:137:49) {
#   code: 'ERR_MODULE_NOT_FOUND'
# }
# Node.js v22.16.0
# Subtest: tests/oauth-security-behavior.test.mjs
not ok 39 - tests/oauth-security-behavior.test.mjs
  ---
  duration_ms: 43.022689
  type: 'test'
  location: '/mnt/data/work/maras-main/tests/oauth-security-behavior.test.mjs:1:1'
  failureType: 'testCodeFailure'
  exitCode: 1
  signal: ~
  error: 'test failed'
  code: 'ERR_TEST_FAILURE'
  ...
# node:internal/modules/run_main:123
#     triggerUncaughtException(
#     ^
# Error: Cannot find package '/mnt/data/work/maras-main/node_modules/typescript/index.js' imported from /mnt/data/work/maras-main/tests/password-reset-security.test.mjs
# Did you mean to import "typescript/lib/typescript.js"?
#     at legacyMainResolve (node:internal/modules/esm/resolve:204:26)
#     at packageResolve (node:internal/modules/esm/resolve:778:12)
#     at moduleResolve (node:internal/modules/esm/resolve:854:18)
#     at defaultResolve (node:internal/modules/esm/resolve:984:11)
#     at ModuleLoader.defaultResolve (node:internal/modules/esm/loader:780:12)
#     at \#cachedDefaultResolve (node:internal/modules/esm/loader:704:25)
#     at ModuleLoader.resolve (node:internal/modules/esm/loader:687:38)
#     at ModuleLoader.getModuleJobForImport (node:internal/modules/esm/loader:305:38)
#     at ModuleJob._link (node:internal/modules/esm/module_job:137:49) {
#   code: 'ERR_MODULE_NOT_FOUND'
# }
# Node.js v22.16.0
# Subtest: tests/password-reset-security.test.mjs
not ok 40 - tests/password-reset-security.test.mjs
  ---
  duration_ms: 32.317783
  type: 'test'
  location: '/mnt/data/work/maras-main/tests/password-reset-security.test.mjs:1:1'
  failureType: 'testCodeFailure'
  exitCode: 1
  signal: ~
  error: 'test failed'
  code: 'ERR_TEST_FAILURE'
  ...
# Subtest: checkout has abuse protection, atomic order creation, and an upstream timeout
ok 82 - checkout has abuse protection, atomic order creation, and an upstream timeout
  ---
  duration_ms: 0.777617
  type: 'test'
  ...
# Subtest: checkout serializes matching carts and gives Tap a bounded redirect lifetime
ok 83 - checkout serializes matching carts and gives Tap a bounded redirect lifetime
  ---
  duration_ms: 0.376806
  type: 'test'
  ...
# Subtest: cart and payment obey server enrollment policy; default remains ready-lesson based
ok 84 - cart and payment obey server enrollment policy; default remains ready-lesson based
  ---
  duration_ms: 0.117026
  type: 'test'
  ...
# Subtest: video upload requires detected container bytes and refreshes catalog state
ok 85 - video upload requires detected container bytes and refreshes catalog state
  ---
  duration_ms: 0.101452
  type: 'test'
  ...
# Subtest: self-account deletion is student-only, transactional, and cleans support objects
ok 86 - self-account deletion is student-only, transactional, and cleans support objects
  ---
  duration_ms: 0.157877
  type: 'test'
  ...
# Subtest: health endpoint does not expose database exception details
ok 87 - health endpoint does not expose database exception details
  ---
  duration_ms: 0.124777
  type: 'test'
  ...
# Subtest: push device writes have per-user rate limiting
ok 88 - push device writes have per-user rate limiting
  ---
  duration_ms: 0.172849
  type: 'test'
  ...
# Subtest: public logos derive a safe content type from the stored extension
ok 89 - public logos derive a safe content type from the stored extension
  ---
  duration_ms: 0.088793
  type: 'test'
  ...
# Subtest: player geometry cannot inherit transitions from global motion preferences
ok 90 - player geometry cannot inherit transitions from global motion preferences
  ---
  duration_ms: 1.079522
  type: 'test'
  ...
# Subtest: viewport fullscreen uses the existing connected surface in the top layer
ok 91 - viewport fullscreen uses the existing connected surface in the top layer
  ---
  duration_ms: 0.663657
  type: 'test'
  ...
# Subtest: closing restores body, document, nested scroll and exact inline priorities once
ok 92 - closing restores body, document, nested scroll and exact inline priorities once
  ---
  duration_ms: 6.824418
  type: 'test'
  ...
# Subtest: legacy fallback escapes transform, containment and will-change and restores them
ok 93 - legacy fallback escapes transform, containment and will-change and restores them
  ---
  duration_ms: 0.456465
  type: 'test'
  ...
# Subtest: a throwing popover implementation safely falls back without hiding the player
ok 94 - a throwing popover implementation safely falls back without hiding the player
  ---
  duration_ms: 0.249355
  type: 'test'
  ...
# Subtest: visual viewport dimensions update after orientation and toolbar changes
ok 95 - visual viewport dimensions update after orientation and toolbar changes
  ---
  duration_ms: 0.182464
  type: 'test'
  ...
# Subtest: native fullscreen uses the screen viewport rather than page zoom offsets
ok 96 - native fullscreen uses the screen viewport rather than page zoom offsets
  ---
  duration_ms: 0.220011
  type: 'test'
  ...
# Subtest: pre-entry scroll snapshot restores native fullscreen layout shifts and keeps smooth preference
ok 97 - pre-entry scroll snapshot restores native fullscreen layout shifts and keeps smooth preference
  ---
  duration_ms: 0.261463
  type: 'test'
  ...
# Subtest: standard and WebKit full screen target the complete shell, never a native video-only UI
ok 98 - standard and WebKit full screen target the complete shell, never a native video-only UI
  ---
  duration_ms: 0.678108
  type: 'test'
  ...
# Subtest: CI gates web and mobile production quality
ok 99 - CI gates web and mobile production quality
  ---
  duration_ms: 5.926219
  type: 'test'
  ...
# Subtest: health readiness reports bounded service states without returning secrets
ok 100 - health readiness reports bounded service states without returning secrets
  ---
  duration_ms: 2.249649
  type: 'test'
  ...
# Subtest: scheduled notification dispatch has an independent machine credential
ok 101 - scheduled notification dispatch has an independent machine credential
  ---
  duration_ms: 1.417419
  type: 'test'
  ...
# Subtest: every API request receives a safe correlation identifier
ok 102 - every API request receives a safe correlation identifier
  ---
  duration_ms: 2.744972
  type: 'test'
  ...
# Subtest: store builds cannot expose or call Tap checkout while direct builds retain it
ok 103 - store builds cannot expose or call Tap checkout while direct builds retain it
  ---
  duration_ms: 2.68406
  type: 'test'
  ...
# node:internal/modules/run_main:123
#     triggerUncaughtException(
#     ^
# Error: Cannot find package '/mnt/data/work/maras-main/node_modules/typescript/index.js' imported from /mnt/data/work/maras-main/tests/public-settings-behavior.test.mjs
# Did you mean to import "typescript/lib/typescript.js"?
#     at legacyMainResolve (node:internal/modules/esm/resolve:204:26)
#     at packageResolve (node:internal/modules/esm/resolve:778:12)
#     at moduleResolve (node:internal/modules/esm/resolve:854:18)
#     at defaultResolve (node:internal/modules/esm/resolve:984:11)
#     at ModuleLoader.defaultResolve (node:internal/modules/esm/loader:780:12)
#     at \#cachedDefaultResolve (node:internal/modules/esm/loader:704:25)
#     at ModuleLoader.resolve (node:internal/modules/esm/loader:687:38)
#     at ModuleLoader.getModuleJobForImport (node:internal/modules/esm/loader:305:38)
#     at ModuleJob._link (node:internal/modules/esm/module_job:137:49) {
#   code: 'ERR_MODULE_NOT_FOUND'
# }
# Node.js v22.16.0
# Subtest: tests/public-settings-behavior.test.mjs
not ok 44 - tests/public-settings-behavior.test.mjs
  ---
  duration_ms: 32.031883
  type: 'test'
  location: '/mnt/data/work/maras-main/tests/public-settings-behavior.test.mjs:1:1'
  failureType: 'testCodeFailure'
  exitCode: 1
  signal: ~
  error: 'test failed'
  code: 'ERR_TEST_FAILURE'
  ...
# Subtest: referral migration enforces ownership, idempotency, and anti-abuse invariants
ok 105 - referral migration enforces ownership, idempotency, and anti-abuse invariants
  ---
  duration_ms: 7.61718
  type: 'test'
  ...
# Subtest: web and mobile registration accept referrals inside the account transaction
ok 106 - web and mobile registration accept referrals inside the account transaction
  ---
  duration_ms: 3.513747
  type: 'test'
  ...
# Subtest: student referral API is a complete mobile page contract with automatic rewards
ok 107 - student referral API is a complete mobile page contract with automatic rewards
  ---
  duration_ms: 1.63802
  type: 'test'
  ...
# Subtest: admin API controls settings, tiers, gifts, review, revocation, and reconciliation
ok 108 - admin API controls settings, tiers, gifts, review, revocation, and reconciliation
  ---
  duration_ms: 1.57159
  type: 'test'
  ...
# Subtest: owned coupons are verified and reserved atomically before checkout
ok 109 - owned coupons are verified and reserved atomically before checkout
  ---
  duration_ms: 4.455481
  type: 'test'
  ...
# Subtest: full refunds atomically downgrade first-paid referrals and recalculate unused rewards
ok 110 - full refunds atomically downgrade first-paid referrals and recalculate unused rewards
  ---
  duration_ms: 1.43835
  type: 'test'
  ...
# Subtest: web student and admin referral experiences are dedicated RTL surfaces
ok 111 - web student and admin referral experiences are dedicated RTL surfaces
  ---
  duration_ms: 1.562406
  type: 'test'
  ...
# node:internal/modules/run_main:123
#     triggerUncaughtException(
#     ^
# Error: Cannot find package '/mnt/data/work/maras-main/node_modules/typescript/index.js' imported from /mnt/data/work/maras-main/tests/refund-governance.test.mjs
# Did you mean to import "typescript/lib/typescript.js"?
#     at legacyMainResolve (node:internal/modules/esm/resolve:204:26)
#     at packageResolve (node:internal/modules/esm/resolve:778:12)
#     at moduleResolve (node:internal/modules/esm/resolve:854:18)
#     at defaultResolve (node:internal/modules/esm/resolve:984:11)
#     at ModuleLoader.defaultResolve (node:internal/modules/esm/loader:780:12)
#     at \#cachedDefaultResolve (node:internal/modules/esm/loader:704:25)
#     at ModuleLoader.resolve (node:internal/modules/esm/loader:687:38)
#     at ModuleLoader.getModuleJobForImport (node:internal/modules/esm/loader:305:38)
#     at ModuleJob._link (node:internal/modules/esm/module_job:137:49) {
#   code: 'ERR_MODULE_NOT_FOUND'
# }
# Node.js v22.16.0
# Subtest: tests/refund-governance.test.mjs
not ok 46 - tests/refund-governance.test.mjs
  ---
  duration_ms: 38.634758
  type: 'test'
  location: '/mnt/data/work/maras-main/tests/refund-governance.test.mjs:1:1'
  failureType: 'testCodeFailure'
  exitCode: 1
  signal: ~
  error: 'test failed'
  code: 'ERR_TEST_FAILURE'
  ...
# Subtest: request limits count received bytes and cancel oversized chunked or misleading bodies
not ok 113 - request limits count received bytes and cancel oversized chunked or misleading bodies
  ---
  duration_ms: 34.615203
  type: 'test'
  location: '/mnt/data/work/maras-main/tests/request-security.test.mjs:14:1'
  failureType: 'testCodeFailure'
  error: |-
    node:internal/modules/esm/resolve:204
      const resolvedOption = FSLegacyMainResolve(pkgPath, packageConfig.main, baseStringified);
                             ^
    
    Error: Cannot find package '/mnt/data/work/maras-main/node_modules/tsx/index.js' imported from /mnt/data/work/maras-main/
        at legacyMainResolve (node:internal/modules/esm/resolve:204:26)
        at packageResolve (node:internal/modules/esm/resolve:778:12)
        at moduleResolve (node:internal/modules/esm/resolve:854:18)
        at defaultResolve (node:internal/modules/esm/resolve:984:11)
        at ModuleLoader.defaultResolve (node:internal/modules/esm/loader:780:12)
        at #cachedDefaultResolve (node:internal/modules/esm/loader:704:25)
        at ModuleLoader.resolve (node:internal/modules/esm/loader:687:38)
        at ModuleLoader.getModuleJobForImport (node:internal/modules/esm/loader:305:38)
        at onImport.tracePromise.__proto__ (node:internal/modules/esm/loader:643:36)
        at TracingChannel.tracePromise (node:diagnostics_channel:344:14) {
      code: 'ERR_MODULE_NOT_FOUND'
    }
    
    Node.js v22.16.0
    
    
    1 !== 0
    
  code: 'ERR_ASSERTION'
  name: 'AssertionError'
  expected: 0
  actual: 1
  operator: 'strictEqual'
  stack: |-
    legacyMainResolve (node:internal/modules/esm/resolve:204:26)
    packageResolve (node:internal/modules/esm/resolve:778:12)
    moduleResolve (node:internal/modules/esm/resolve:854:18)
    defaultResolve (node:internal/modules/esm/resolve:984:11)
    ModuleLoader.defaultResolve (node:internal/modules/esm/loader:780:12)
    #cachedDefaultResolve (node:internal/modules/esm/loader:704:25)
    ModuleLoader.resolve (node:internal/modules/esm/loader:687:38)
    ModuleLoader.getModuleJobForImport (node:internal/modules/esm/loader:305:38)
    onImport.tracePromise.__proto__ (node:internal/modules/esm/loader:643:36)
    TracingChannel.tracePromise (node:diagnostics_channel:344:14) {
    runSecurityScenario (file:///mnt/data/work/maras-main/tests/request-security.test.mjs:11:10)
    TestContext.<anonymous> (file:///mnt/data/work/maras-main/tests/request-security.test.mjs:15:3)
    Test.runInAsyncScope (node:async_hooks:214:14)
    Test.run (node:internal/test_runner/test:1047:25)
    Test.start (node:internal/test_runner/test:944:17)
    startSubtestAfterBootstrap (node:internal/test_runner/harness:296:17)
  ...
# Subtest: bounded form uploads retain fields and files while rejecting oversized multipart data
not ok 114 - bounded form uploads retain fields and files while rejecting oversized multipart data
  ---
  duration_ms: 33.09485
  type: 'test'
  location: '/mnt/data/work/maras-main/tests/request-security.test.mjs:36:1'
  failureType: 'testCodeFailure'
  error: |-
    node:internal/modules/esm/resolve:204
      const resolvedOption = FSLegacyMainResolve(pkgPath, packageConfig.main, baseStringified);
                             ^
    
    Error: Cannot find package '/mnt/data/work/maras-main/node_modules/tsx/index.js' imported from /mnt/data/work/maras-main/
        at legacyMainResolve (node:internal/modules/esm/resolve:204:26)
        at packageResolve (node:internal/modules/esm/resolve:778:12)
        at moduleResolve (node:internal/modules/esm/resolve:854:18)
        at defaultResolve (node:internal/modules/esm/resolve:984:11)
        at ModuleLoader.defaultResolve (node:internal/modules/esm/loader:780:12)
        at #cachedDefaultResolve (node:internal/modules/esm/loader:704:25)
        at ModuleLoader.resolve (node:internal/modules/esm/loader:687:38)
        at ModuleLoader.getModuleJobForImport (node:internal/modules/esm/loader:305:38)
        at onImport.tracePromise.__proto__ (node:internal/modules/esm/loader:643:36)
        at TracingChannel.tracePromise (node:diagnostics_channel:344:14) {
      code: 'ERR_MODULE_NOT_FOUND'
    }
    
    Node.js v22.16.0
    
    
    1 !== 0
    
  code: 'ERR_ASSERTION'
  name: 'AssertionError'
  expected: 0
  actual: 1
  operator: 'strictEqual'
  stack: |-
    legacyMainResolve (node:internal/modules/esm/resolve:204:26)
    packageResolve (node:internal/modules/esm/resolve:778:12)
    moduleResolve (node:internal/modules/esm/resolve:854:18)
    defaultResolve (node:internal/modules/esm/resolve:984:11)
    ModuleLoader.defaultResolve (node:internal/modules/esm/loader:780:12)
    #cachedDefaultResolve (node:internal/modules/esm/loader:704:25)
    ModuleLoader.resolve (node:internal/modules/esm/loader:687:38)
    ModuleLoader.getModuleJobForImport (node:internal/modules/esm/loader:305:38)
    onImport.tracePromise.__proto__ (node:internal/modules/esm/loader:643:36)
    TracingChannel.tracePromise (node:diagnostics_channel:344:14) {
    runSecurityScenario (file:///mnt/data/work/maras-main/tests/request-security.test.mjs:11:10)
    TestContext.<anonymous> (file:///mnt/data/work/maras-main/tests/request-security.test.mjs:37:3)
    Test.runInAsyncScope (node:async_hooks:214:14)
    Test.run (node:internal/test_runner/test:1047:25)
    Test.processPendingSubtests (node:internal/test_runner/test:744:18)
    Test.postRun (node:internal/test_runner/test:1173:19)
    Test.run (node:internal/test_runner/test:1101:12)
    async startSubtestAfterBootstrap (node:internal/test_runner/harness:296:3)
  ...
# Subtest: account JSON rejects null, arrays, broken JSON and bodies larger than the limit
not ok 115 - account JSON rejects null, arrays, broken JSON and bodies larger than the limit
  ---
  duration_ms: 29.934274
  type: 'test'
  location: '/mnt/data/work/maras-main/tests/request-security.test.mjs:51:1'
  failureType: 'testCodeFailure'
  error: |-
    node:internal/modules/esm/resolve:204
      const resolvedOption = FSLegacyMainResolve(pkgPath, packageConfig.main, baseStringified);
                             ^
    
    Error: Cannot find package '/mnt/data/work/maras-main/node_modules/tsx/index.js' imported from /mnt/data/work/maras-main/
        at legacyMainResolve (node:internal/modules/esm/resolve:204:26)
        at packageResolve (node:internal/modules/esm/resolve:778:12)
        at moduleResolve (node:internal/modules/esm/resolve:854:18)
        at defaultResolve (node:internal/modules/esm/resolve:984:11)
        at ModuleLoader.defaultResolve (node:internal/modules/esm/loader:780:12)
        at #cachedDefaultResolve (node:internal/modules/esm/loader:704:25)
        at ModuleLoader.resolve (node:internal/modules/esm/loader:687:38)
        at ModuleLoader.getModuleJobForImport (node:internal/modules/esm/loader:305:38)
        at onImport.tracePromise.__proto__ (node:internal/modules/esm/loader:643:36)
        at TracingChannel.tracePromise (node:diagnostics_channel:344:14) {
      code: 'ERR_MODULE_NOT_FOUND'
    }
    
    Node.js v22.16.0
    
    
    1 !== 0
    
  code: 'ERR_ASSERTION'
  name: 'AssertionError'
  expected: 0
  actual: 1
  operator: 'strictEqual'
  stack: |-
    legacyMainResolve (node:internal/modules/esm/resolve:204:26)
    packageResolve (node:internal/modules/esm/resolve:778:12)
    moduleResolve (node:internal/modules/esm/resolve:854:18)
    defaultResolve (node:internal/modules/esm/resolve:984:11)
    ModuleLoader.defaultResolve (node:internal/modules/esm/loader:780:12)
    #cachedDefaultResolve (node:internal/modules/esm/loader:704:25)
    ModuleLoader.resolve (node:internal/modules/esm/loader:687:38)
    ModuleLoader.getModuleJobForImport (node:internal/modules/esm/loader:305:38)
    onImport.tracePromise.__proto__ (node:internal/modules/esm/loader:643:36)
    TracingChannel.tracePromise (node:diagnostics_channel:344:14) {
    runSecurityScenario (file:///mnt/data/work/maras-main/tests/request-security.test.mjs:11:10)
    TestContext.<anonymous> (file:///mnt/data/work/maras-main/tests/request-security.test.mjs:52:3)
    Test.runInAsyncScope (node:async_hooks:214:14)
    Test.run (node:internal/test_runner/test:1047:25)
    Test.processPendingSubtests (node:internal/test_runner/test:744:18)
    Test.postRun (node:internal/test_runner/test:1173:19)
    Test.run (node:internal/test_runner/test:1101:12)
    async Test.processPendingSubtests (node:internal/test_runner/test:744:7)
  ...
# Subtest: malformed session and referral cookies fail closed and production logout clears a secure cookie
not ok 116 - malformed session and referral cookies fail closed and production logout clears a secure cookie
  ---
  duration_ms: 25.414726
  type: 'test'
  location: '/mnt/data/work/maras-main/tests/request-security.test.mjs:62:1'
  failureType: 'testCodeFailure'
  error: |-
    node:internal/modules/esm/resolve:204
      const resolvedOption = FSLegacyMainResolve(pkgPath, packageConfig.main, baseStringified);
                             ^
    
    Error: Cannot find package '/mnt/data/work/maras-main/node_modules/tsx/index.js' imported from /mnt/data/work/maras-main/
        at legacyMainResolve (node:internal/modules/esm/resolve:204:26)
        at packageResolve (node:internal/modules/esm/resolve:778:12)
        at moduleResolve (node:internal/modules/esm/resolve:854:18)
        at defaultResolve (node:internal/modules/esm/resolve:984:11)
        at ModuleLoader.defaultResolve (node:internal/modules/esm/loader:780:12)
        at #cachedDefaultResolve (node:internal/modules/esm/loader:704:25)
        at ModuleLoader.resolve (node:internal/modules/esm/loader:687:38)
        at ModuleLoader.getModuleJobForImport (node:internal/modules/esm/loader:305:38)
        at onImport.tracePromise.__proto__ (node:internal/modules/esm/loader:643:36)
        at TracingChannel.tracePromise (node:diagnostics_channel:344:14) {
      code: 'ERR_MODULE_NOT_FOUND'
    }
    
    Node.js v22.16.0
    
    
    1 !== 0
    
  code: 'ERR_ASSERTION'
  name: 'AssertionError'
  expected: 0
  actual: 1
  operator: 'strictEqual'
  stack: |-
    legacyMainResolve (node:internal/modules/esm/resolve:204:26)
    packageResolve (node:internal/modules/esm/resolve:778:12)
    moduleResolve (node:internal/modules/esm/resolve:854:18)
    defaultResolve (node:internal/modules/esm/resolve:984:11)
    ModuleLoader.defaultResolve (node:internal/modules/esm/loader:780:12)
    #cachedDefaultResolve (node:internal/modules/esm/loader:704:25)
    ModuleLoader.resolve (node:internal/modules/esm/loader:687:38)
    ModuleLoader.getModuleJobForImport (node:internal/modules/esm/loader:305:38)
    onImport.tracePromise.__proto__ (node:internal/modules/esm/loader:643:36)
    TracingChannel.tracePromise (node:diagnostics_channel:344:14) {
    runSecurityScenario (file:///mnt/data/work/maras-main/tests/request-security.test.mjs:11:10)
    TestContext.<anonymous> (file:///mnt/data/work/maras-main/tests/request-security.test.mjs:63:3)
    Test.runInAsyncScope (node:async_hooks:214:14)
    Test.run (node:internal/test_runner/test:1047:25)
    Test.processPendingSubtests (node:internal/test_runner/test:744:18)
    Test.postRun (node:internal/test_runner/test:1173:19)
    Test.run (node:internal/test_runner/test:1101:12)
    async Test.processPendingSubtests (node:internal/test_runner/test:744:7)
  ...
# Subtest: interrupted multipart uploads reject cleanly and remove completed and partial files
not ok 117 - interrupted multipart uploads reject cleanly and remove completed and partial files
  ---
  duration_ms: 25.124024
  type: 'test'
  location: '/mnt/data/work/maras-main/tests/request-security.test.mjs:83:1'
  failureType: 'testCodeFailure'
  error: |-
    node:internal/modules/esm/resolve:204
      const resolvedOption = FSLegacyMainResolve(pkgPath, packageConfig.main, baseStringified);
                             ^
    
    Error: Cannot find package '/mnt/data/work/maras-main/node_modules/tsx/index.js' imported from /mnt/data/work/maras-main/
        at legacyMainResolve (node:internal/modules/esm/resolve:204:26)
        at packageResolve (node:internal/modules/esm/resolve:778:12)
        at moduleResolve (node:internal/modules/esm/resolve:854:18)
        at defaultResolve (node:internal/modules/esm/resolve:984:11)
        at ModuleLoader.defaultResolve (node:internal/modules/esm/loader:780:12)
        at #cachedDefaultResolve (node:internal/modules/esm/loader:704:25)
        at ModuleLoader.resolve (node:internal/modules/esm/loader:687:38)
        at ModuleLoader.getModuleJobForImport (node:internal/modules/esm/loader:305:38)
        at onImport.tracePromise.__proto__ (node:internal/modules/esm/loader:643:36)
        at TracingChannel.tracePromise (node:diagnostics_channel:344:14) {
      code: 'ERR_MODULE_NOT_FOUND'
    }
    
    Node.js v22.16.0
    
    
    1 !== 0
    
  code: 'ERR_ASSERTION'
  name: 'AssertionError'
  expected: 0
  actual: 1
  operator: 'strictEqual'
  stack: |-
    legacyMainResolve (node:internal/modules/esm/resolve:204:26)
    packageResolve (node:internal/modules/esm/resolve:778:12)
    moduleResolve (node:internal/modules/esm/resolve:854:18)
    defaultResolve (node:internal/modules/esm/resolve:984:11)
    ModuleLoader.defaultResolve (node:internal/modules/esm/loader:780:12)
    #cachedDefaultResolve (node:internal/modules/esm/loader:704:25)
    ModuleLoader.resolve (node:internal/modules/esm/loader:687:38)
    ModuleLoader.getModuleJobForImport (node:internal/modules/esm/loader:305:38)
    onImport.tracePromise.__proto__ (node:internal/modules/esm/loader:643:36)
    TracingChannel.tracePromise (node:diagnostics_channel:344:14) {
    runSecurityScenario (file:///mnt/data/work/maras-main/tests/request-security.test.mjs:11:10)
    TestContext.<anonymous> (file:///mnt/data/work/maras-main/tests/request-security.test.mjs:84:3)
    Test.runInAsyncScope (node:async_hooks:214:14)
    Test.run (node:internal/test_runner/test:1047:25)
    Test.processPendingSubtests (node:internal/test_runner/test:744:18)
    Test.postRun (node:internal/test_runner/test:1173:19)
    Test.run (node:internal/test_runner/test:1101:12)
    async Test.processPendingSubtests (node:internal/test_runner/test:744:7)
  ...
# node:internal/modules/cjs/loader:1401
#   const err = new Error(message);
#               ^
# Error: Cannot find module 'next/dist/compiled/path-to-regexp'
# Require stack:
# - /mnt/data/work/maras-main/tests/response-headers-security.test.mjs
#     at Function._resolveFilename (node:internal/modules/cjs/loader:1401:15)
#     at defaultResolveImpl (node:internal/modules/cjs/loader:1057:19)
#     at resolveForCJSWithHooks (node:internal/modules/cjs/loader:1062:22)
#     at Function._load (node:internal/modules/cjs/loader:1211:37)
#     at TracingChannel.traceSync (node:diagnostics_channel:322:14)
#     at wrapModuleLoad (node:internal/modules/cjs/loader:235:24)
#     at Module.require (node:internal/modules/cjs/loader:1487:12)
#     at require (node:internal/modules/helpers:135:16)
#     at file:///mnt/data/work/maras-main/tests/response-headers-security.test.mjs:9:26
#     at ModuleJob.run (node:internal/modules/esm/module_job:274:25) {
#   code: 'MODULE_NOT_FOUND',
#   requireStack: [
#     '/mnt/data/work/maras-main/tests/response-headers-security.test.mjs'
#   ]
# }
# Node.js v22.16.0
# Subtest: tests/response-headers-security.test.mjs
not ok 48 - tests/response-headers-security.test.mjs
  ---
  duration_ms: 198.093495
  type: 'test'
  location: '/mnt/data/work/maras-main/tests/response-headers-security.test.mjs:1:1'
  failureType: 'testCodeFailure'
  exitCode: 1
  signal: ~
  error: 'test failed'
  code: 'ERR_TEST_FAILURE'
  ...
# node:internal/modules/run_main:123
#     triggerUncaughtException(
#     ^
# Error: Cannot find package '/mnt/data/work/maras-main/node_modules/typescript/index.js' imported from /mnt/data/work/maras-main/tests/helpers/isolated-source.mjs
# Did you mean to import "typescript/lib/typescript.js"?
#     at legacyMainResolve (node:internal/modules/esm/resolve:204:26)
#     at packageResolve (node:internal/modules/esm/resolve:778:12)
#     at moduleResolve (node:internal/modules/esm/resolve:854:18)
#     at defaultResolve (node:internal/modules/esm/resolve:984:11)
#     at ModuleLoader.defaultResolve (node:internal/modules/esm/loader:780:12)
#     at \#cachedDefaultResolve (node:internal/modules/esm/loader:704:25)
#     at ModuleLoader.resolve (node:internal/modules/esm/loader:687:38)
#     at ModuleLoader.getModuleJobForImport (node:internal/modules/esm/loader:305:38)
#     at ModuleJob._link (node:internal/modules/esm/module_job:137:49) {
#   code: 'ERR_MODULE_NOT_FOUND'
# }
# Node.js v22.16.0
# Subtest: tests/seo-audit-completion.test.mjs
not ok 49 - tests/seo-audit-completion.test.mjs
  ---
  duration_ms: 70.76506
  type: 'test'
  location: '/mnt/data/work/maras-main/tests/seo-audit-completion.test.mjs:1:1'
  failureType: 'testCodeFailure'
  exitCode: 1
  signal: ~
  error: 'test failed'
  code: 'ERR_TEST_FAILURE'
  ...
# node:internal/modules/run_main:123
#     triggerUncaughtException(
#     ^
# Error: Cannot find package '/mnt/data/work/maras-main/node_modules/typescript/index.js' imported from /mnt/data/work/maras-main/tests/seo-behavior.test.mjs
# Did you mean to import "typescript/lib/typescript.js"?
#     at legacyMainResolve (node:internal/modules/esm/resolve:204:26)
#     at packageResolve (node:internal/modules/esm/resolve:778:12)
#     at moduleResolve (node:internal/modules/esm/resolve:854:18)
#     at defaultResolve (node:internal/modules/esm/resolve:984:11)
#     at ModuleLoader.defaultResolve (node:internal/modules/esm/loader:780:12)
#     at \#cachedDefaultResolve (node:internal/modules/esm/loader:704:25)
#     at ModuleLoader.resolve (node:internal/modules/esm/loader:687:38)
#     at ModuleLoader.getModuleJobForImport (node:internal/modules/esm/loader:305:38)
#     at ModuleJob._link (node:internal/modules/esm/module_job:137:49) {
#   code: 'ERR_MODULE_NOT_FOUND'
# }
# Node.js v22.16.0
# Subtest: tests/seo-behavior.test.mjs
not ok 50 - tests/seo-behavior.test.mjs
  ---
  duration_ms: 34.099448
  type: 'test'
  location: '/mnt/data/work/maras-main/tests/seo-behavior.test.mjs:1:1'
  failureType: 'testCodeFailure'
  exitCode: 1
  signal: ~
  error: 'test failed'
  code: 'ERR_TEST_FAILURE'
  ...
# Subtest: real production HTTP preserves canonical, crawl, query and private metadata contracts
not ok 121 - real production HTTP preserves canonical, crawl, query and private metadata contracts
  ---
  duration_ms: 236.796424
  type: 'test'
  location: '/mnt/data/work/maras-main/tests/seo-production-smoke.test.mjs:29:1'
  failureType: 'testCodeFailure'
  error: 'SEO server exited: 1'
  code: 'ERR_TEST_FAILURE'
  stack: |-
    waitForServer (file:///mnt/data/work/maras-main/tests/seo-production-smoke.test.mjs:22:40)
    async TestContext.<anonymous> (file:///mnt/data/work/maras-main/tests/seo-production-smoke.test.mjs:36:3)
    async Test.run (node:internal/test_runner/test:1054:7)
    async startSubtestAfterBootstrap (node:internal/test_runner/harness:296:3)
  ...
# node:internal/modules/run_main:123
#     triggerUncaughtException(
#     ^
# Error: Cannot find package '/mnt/data/work/maras-main/node_modules/typescript/index.js' imported from /mnt/data/work/maras-main/tests/service-security-behavior.test.mjs
# Did you mean to import "typescript/lib/typescript.js"?
#     at legacyMainResolve (node:internal/modules/esm/resolve:204:26)
#     at packageResolve (node:internal/modules/esm/resolve:778:12)
#     at moduleResolve (node:internal/modules/esm/resolve:854:18)
#     at defaultResolve (node:internal/modules/esm/resolve:984:11)
#     at ModuleLoader.defaultResolve (node:internal/modules/esm/loader:780:12)
#     at \#cachedDefaultResolve (node:internal/modules/esm/loader:704:25)
#     at ModuleLoader.resolve (node:internal/modules/esm/loader:687:38)
#     at ModuleLoader.getModuleJobForImport (node:internal/modules/esm/loader:305:38)
#     at ModuleJob._link (node:internal/modules/esm/module_job:137:49) {
#   code: 'ERR_MODULE_NOT_FOUND'
# }
# Node.js v22.16.0
# Subtest: tests/service-security-behavior.test.mjs
not ok 52 - tests/service-security-behavior.test.mjs
  ---
  duration_ms: 36.87691
  type: 'test'
  location: '/mnt/data/work/maras-main/tests/service-security-behavior.test.mjs:1:1'
  failureType: 'testCodeFailure'
  exitCode: 1
  signal: ~
  error: 'test failed'
  code: 'ERR_TEST_FAILURE'
  ...
# Subtest: production server serves public web/mobile contracts and reports database health
not ok 123 - production server serves public web/mobile contracts and reports database health
  ---
  duration_ms: 286.863483
  type: 'test'
  location: '/mnt/data/work/maras-main/tests/smoke.test.mjs:22:1'
  failureType: 'testCodeFailure'
  error: 'server exited with 1'
  code: 'ERR_TEST_FAILURE'
  stack: |-
    waitForServer (file:///mnt/data/work/maras-main/tests/smoke.test.mjs:11:40)
    async TestContext.<anonymous> (file:///mnt/data/work/maras-main/tests/smoke.test.mjs:29:3)
    async Test.run (node:internal/test_runner/test:1054:7)
    async startSubtestAfterBootstrap (node:internal/test_runner/harness:296:3)
  ...
# Subtest: all ten configured channels have a single ordered public representation
ok 124 - all ten configured channels have a single ordered public representation
  ---
  duration_ms: 1.182556
  type: 'test'
  ...
# Subtest: only administrator configured and valid social accounts are published
ok 125 - only administrator configured and valid social accounts are published
  ---
  duration_ms: 0.211327
  type: 'test'
  ...
# Subtest: social URLs reject schemes, credentials, deceptive hosts, ports and control characters
ok 126 - social URLs reject schemes, credentials, deceptive hosts, ports and control characters
  ---
  duration_ms: 0.223035
  type: 'test'
  ...
# Subtest: Saudi and international WhatsApp numbers normalize safely including Arabic digits
ok 127 - Saudi and international WhatsApp numbers normalize safely including Arabic digits
  ---
  duration_ms: 0.366089
  type: 'test'
  ...
# Subtest: web footer and contact use normalized channels with safe external links
ok 128 - web footer and contact use normalized channels with safe external links
  ---
  duration_ms: 1.221384
  type: 'test'
  ...
# Subtest: student 360 API is admin-only and returns every operational domain
ok 129 - student 360 API is admin-only and returns every operational domain
  ---
  duration_ms: 5.776635
  type: 'test'
  ...
# Subtest: student 360 page requires an administrator and keeps profiles out of search
ok 130 - student 360 page requires an administrator and keeps profiles out of search
  ---
  duration_ms: 1.242646
  type: 'test'
  ...
# Subtest: student profile renders every 360 section and safely encodes its API request
ok 131 - student profile renders every 360 section and safely encodes its API request
  ---
  duration_ms: 2.061145
  type: 'test'
  ...
# Subtest: admin dashboard links students and the two administration centers
ok 132 - admin dashboard links students and the two administration centers
  ---
  duration_ms: 1.563949
  type: 'test'
  ...
# Subtest: support API protects ticket ownership and manager-only closure/deletion
ok 133 - support API protects ticket ownership and manager-only closure/deletion
  ---
  duration_ms: 4.109752
  type: 'test'
  ...
# Subtest: web and Expo support surfaces open a selected conversation from cards
ok 134 - web and Expo support surfaces open a selected conversation from cards
  ---
  duration_ms: 3.354297
  type: 'test'
  ...
# Subtest: sync endpoint enforces origin, session, and bounded hot-path limiting
ok 135 - sync endpoint enforces origin, session, and bounded hot-path limiting
  ---
  duration_ms: 4.650073
  type: 'test'
  ...
# Subtest: sync response is version-only and exposes scoped channels
ok 136 - sync response is version-only and exposes scoped channels
  ---
  duration_ms: 1.932552
  type: 'test'
  ...
# Subtest: web sync prefers server-sent events with adaptive polling fallback
ok 137 - web sync prefers server-sent events with adaptive polling fallback
  ---
  duration_ms: 2.342328
  type: 'test'
  ...
# Subtest: Expo sync provider is foreground-only and invalidates query channels
ok 138 - Expo sync provider is foreground-only and invalidates query channels
  ---
  duration_ms: 1.52525
  type: 'test'
  ...
# Subtest: admin centers subscribe to realtime sync and the newer tables emit the admin channel
ok 139 - admin centers subscribe to realtime sync and the newer tables emit the admin channel
  ---
  duration_ms: 2.740545
  type: 'test'
  ...
# node:internal/modules/run_main:123
#     triggerUncaughtException(
#     ^
# Error: Cannot find package '/mnt/data/work/maras-main/node_modules/typescript/index.js' imported from /mnt/data/work/maras-main/tests/transactional-email-branding.test.mjs
# Did you mean to import "typescript/lib/typescript.js"?
#     at legacyMainResolve (node:internal/modules/esm/resolve:204:26)
#     at packageResolve (node:internal/modules/esm/resolve:778:12)
#     at moduleResolve (node:internal/modules/esm/resolve:854:18)
#     at defaultResolve (node:internal/modules/esm/resolve:984:11)
#     at ModuleLoader.defaultResolve (node:internal/modules/esm/loader:780:12)
#     at \#cachedDefaultResolve (node:internal/modules/esm/loader:704:25)
#     at ModuleLoader.resolve (node:internal/modules/esm/loader:687:38)
#     at ModuleLoader.getModuleJobForImport (node:internal/modules/esm/loader:305:38)
#     at ModuleJob._link (node:internal/modules/esm/module_job:137:49) {
#   code: 'ERR_MODULE_NOT_FOUND'
# }
# Node.js v22.16.0
# Subtest: tests/transactional-email-branding.test.mjs
not ok 58 - tests/transactional-email-branding.test.mjs
  ---
  duration_ms: 58.86606
  type: 'test'
  location: '/mnt/data/work/maras-main/tests/transactional-email-branding.test.mjs:1:1'
  failureType: 'testCodeFailure'
  exitCode: 1
  signal: ~
  error: 'test failed'
  code: 'ERR_TEST_FAILURE'
  ...
# node:internal/modules/run_main:123
#     triggerUncaughtException(
#     ^
# Error: Cannot find package '/mnt/data/work/maras-main/node_modules/typescript/index.js' imported from /mnt/data/work/maras-main/tests/ui-async-races.test.mjs
# Did you mean to import "typescript/lib/typescript.js"?
#     at legacyMainResolve (node:internal/modules/esm/resolve:204:26)
#     at packageResolve (node:internal/modules/esm/resolve:778:12)
#     at moduleResolve (node:internal/modules/esm/resolve:854:18)
#     at defaultResolve (node:internal/modules/esm/resolve:984:11)
#     at ModuleLoader.defaultResolve (node:internal/modules/esm/loader:780:12)
#     at \#cachedDefaultResolve (node:internal/modules/esm/loader:704:25)
#     at ModuleLoader.resolve (node:internal/modules/esm/loader:687:38)
#     at ModuleLoader.getModuleJobForImport (node:internal/modules/esm/loader:305:38)
#     at ModuleJob._link (node:internal/modules/esm/module_job:137:49) {
#   code: 'ERR_MODULE_NOT_FOUND'
# }
# Node.js v22.16.0
# Subtest: tests/ui-async-races.test.mjs
not ok 59 - tests/ui-async-races.test.mjs
  ---
  duration_ms: 70.897248
  type: 'test'
  location: '/mnt/data/work/maras-main/tests/ui-async-races.test.mjs:1:1'
  failureType: 'testCodeFailure'
  exitCode: 1
  signal: ~
  error: 'test failed'
  code: 'ERR_TEST_FAILURE'
  ...
# Subtest: content viewing policy is enforced again for every protected stream request
ok 142 - content viewing policy is enforced again for every protected stream request
  ---
  duration_ms: 7.923959
  type: 'test'
  ...
# Subtest: timestamped notes remain account scoped and seekable on web and native
ok 143 - timestamped notes remain account scoped and seekable on web and native
  ---
  duration_ms: 3.909891
  type: 'test'
  ...
# Subtest: native fullscreen retains custom controls, capture protection, and rotation
ok 144 - native fullscreen retains custom controls, capture protection, and rotation
  ---
  duration_ms: 1.299381
  type: 'test'
  ...
# Subtest: web fullscreen retains controls and supports rotating the complete player
ok 145 - web fullscreen retains controls and supports rotating the complete player
  ---
  duration_ms: 1.346281
  type: 'test'
  ...
# Subtest: video uploads update duration with browser metadata and server fallback
ok 146 - video uploads update duration with browser metadata and server fallback
  ---
  duration_ms: 3.132034
  type: 'test'
  ...
# node:internal/modules/run_main:123
#     triggerUncaughtException(
#     ^
# Error: Cannot find package '/mnt/data/work/maras-main/node_modules/typescript/index.js' imported from /mnt/data/work/maras-main/tests/video-pipeline-contract.test.mjs
# Did you mean to import "typescript/lib/typescript.js"?
#     at legacyMainResolve (node:internal/modules/esm/resolve:204:26)
#     at packageResolve (node:internal/modules/esm/resolve:778:12)
#     at moduleResolve (node:internal/modules/esm/resolve:854:18)
#     at defaultResolve (node:internal/modules/esm/resolve:984:11)
#     at ModuleLoader.defaultResolve (node:internal/modules/esm/loader:780:12)
#     at \#cachedDefaultResolve (node:internal/modules/esm/loader:704:25)
#     at ModuleLoader.resolve (node:internal/modules/esm/loader:687:38)
#     at ModuleLoader.getModuleJobForImport (node:internal/modules/esm/loader:305:38)
#     at ModuleJob._link (node:internal/modules/esm/module_job:137:49) {
#   code: 'ERR_MODULE_NOT_FOUND'
# }
# Node.js v22.16.0
# Subtest: tests/video-pipeline-contract.test.mjs
not ok 61 - tests/video-pipeline-contract.test.mjs
  ---
  duration_ms: 37.21734
  type: 'test'
  location: '/mnt/data/work/maras-main/tests/video-pipeline-contract.test.mjs:1:1'
  failureType: 'testCodeFailure'
  exitCode: 1
  signal: ~
  error: 'test failed'
  code: 'ERR_TEST_FAILURE'
  ...
# Subtest: web player preserves the entire video frame instead of cropping it
ok 148 - web player preserves the entire video frame instead of cropping it
  ---
  duration_ms: 4.587149
  type: 'test'
  ...
# Subtest: signed video URLs remain playable by native/browser media range requests
ok 149 - signed video URLs remain playable by native/browser media range requests
  ---
  duration_ms: 1.083758
  type: 'test'
  ...
# Subtest: Expo web CORS includes device identity headers used by the mobile client
ok 150 - Expo web CORS includes device identity headers used by the mobile client
  ---
  duration_ms: 0.835625
  type: 'test'
  ...
1..150
# tests 150
# suites 0
# pass 111
# fail 39
# cancelled 0
# skipped 0
# todo 0
# duration_ms 1596.574535
